******************************************************************************
             TMS320C2000 Linker PC v6.4.9                      
******************************************************************************
>> Linked Mon Jan 25 16:25:08 2016

OUTPUT FILE NAME:   <proj_lab09.out>
ENTRY POINT SYMBOL: "_c_int00"  address: 003f756e


MEMORY CONFIGURATION

         name            origin    length      used     unused   attr    fill
----------------------  --------  ---------  --------  --------  ----  --------
PAGE 0:
  OTP                   003d7800   00000400  00000000  00000400  RWIX
  CSM_RSVD              003f7f80   00000076  00000000  00000076  RWIX
  BEGIN                 003f7ff6   00000002  00000002  00000000  RWIX
  CSM_PWL_P0            003f7ff8   00000008  00000000  00000008  RWIX
  IQTABLES              003fe000   00000b50  00000000  00000b50  RWIX
  IQTABLES2             003feb50   0000008c  00000000  0000008c  RWIX
  IQTABLES3             003febdc   000000aa  00000000  000000aa  RWIX
  ROM                   003ff27c   00000d44  00000000  00000d44  RWIX
  RESET                 003fffc0   00000002  00000000  00000002  RWIX
  VECTORS               003fffc2   0000003e  00000000  0000003e  RWIX

PAGE 1:
  RAMM0_M1              00000000   00000800  00000706  000000fa  RWIX
  P_DRAML0              00008000   00001000  00000687  00000979  RWIX
  FLASHA_D              003f4000   00007f80  00003f4b  00004035  RWIX


SECTION ALLOCATION MAP

 output                                  attributes/
section   page    origin      length       input sections
--------  ----  ----------  ----------   ----------------
codestart 
*          0    003f7ff6    00000002     
                  003f7ff6    00000002     CodeStartBranch.obj (codestart)

.ebss      1    00000000    00000406     UNINITIALIZED
                  00000000    00000308     proj_lab09.obj (.ebss)
                  00000308    00000004     rts2800_ml.lib : exit.obj (.ebss)
                  0000030c    00000002                    : _lock.obj (.ebss:__lock)
                  0000030e    00000002                    : _lock.obj (.ebss:__unlock)
                  00000310    00000002     drv8301.obj (.ebss)
                  00000312    00000001     cpu.obj (.ebss)
                  00000313    0000002d     --HOLE--
                  00000340    000000c6     hal.obj (.ebss)

.stack     1    00000406    00000300     UNINITIALIZED
                  00000406    00000300     --HOLE--

.text      1    003f4000    00003759     
                  003f4000    00000ed8     fast_public.lib : ctrl_priv.obj (.text)
                  003f4ed8    0000091a     hal.obj (.text)
                  003f57f2    00000526     proj_lab09.obj (.text)
                  003f5d18    00000498     user.obj (.text)
                  003f61b0    00000460     ctrl.obj (.text)
                  003f6610    000002f7     pwm.obj (.text)
                  003f6907    000002d4     drv8301.obj (.text)
                  003f6bdb    000001f7     adc.obj (.text)
                  003f6dd2    00000166     gpio.obj (.text)
                  003f6f38    0000012c     clk.obj (.text)
                  003f7064    0000010c     i2c.obj (.text)
                  003f7170    00000102     pie.obj (.text)
                  003f7272    000000bf     proj_lab09.obj (.text:retain)
                  003f7331    000000aa     spi.obj (.text)
                  003f73db    00000063     cap.obj (.text)
                  003f743e    0000005c     pll.obj (.text)
                  003f749a    00000048     offset.obj (.text)
                  003f74e2    00000047     wdog.obj (.text)
                  003f7529    00000045     pwr.obj (.text)
                  003f756e    00000044     rts2800_ml.lib : boot.obj (.text)
                  003f75b2    00000033     timer.obj (.text)
                  003f75e5    0000002e     osc.obj (.text)
                  003f7613    0000002a     rts2800_ml.lib : l_div.obj (.text)
                  003f763d    00000025     cpu.obj (.text)
                  003f7662    00000022     filter_fo.obj (.text)
                  003f7684    00000021     flash.obj (.text)
                  003f76a5    00000021     rts2800_ml.lib : fd_tofs.obj (.text)
                  003f76c6    0000001d                    : fs_tou.obj (.text)
                  003f76e3    00000019                    : args_main.obj (.text)
                  003f76fc    00000019                    : exit.obj (.text)
                  003f7715    00000016                    : ul_tofd.obj (.text)
                  003f772b    00000011     memCopy.obj (.text)
                  003f773c    00000009     rts2800_ml.lib : _lock.obj (.text)
                  003f7745    00000008     CodeStartBranch.obj (.text)
                  003f774d    00000007     fw.obj (.text)
                  003f7754    00000005     pie.obj (.text:retain)

ramfuncs   1    003f7759    00000687     RUN ADDR = 00008000
                  003f7759    0000051a     ctrl.obj (ramfuncs)
                  003f7c73    00000119     proj_lab09.obj (ramfuncs:retain)
                  003f7d8c    00000032     flash.obj (ramfuncs)
                  003f7dbe    0000001e     hal.obj (ramfuncs)
                  003f7ddc    00000004     usDelay.obj (ramfuncs)

.cinit     1    003f7de0    000000e3     
                  003f7de0    000000c9     proj_lab09.obj (.cinit)
                  003f7ea9    0000000a     rts2800_ml.lib : exit.obj (.cinit)
                  003f7eb3    00000005                    : _lock.obj (.cinit:__lock)
                  003f7eb8    00000005                    : _lock.obj (.cinit:__unlock)
                  003f7ebd    00000004     drv8301.obj (.cinit)
                  003f7ec1    00000002     --HOLE-- [fill = 0]

.pinit     1    003f4000    00000000     UNINITIALIZED

.econst    1    003f7ec4    00000088     
                  003f7ec4    0000005c     fast_public.lib : ctrl_priv.obj (.econst)
                  003f7f20    0000001c     ctrl.obj (.econst)
                  003f7f3c    00000008     user.obj (.econst)
                  003f7f44    00000004     hal.obj (.econst)
                  003f7f48    00000004     proj_lab09.obj (.econst)

.reset     0    003fffc0    00000002     DSECT
                  003fffc0    00000002     rts2800_ml.lib : boot.obj (.reset)

vectors    0    003fffc2    00000000     DSECT


GLOBAL DATA SYMBOLS: SORTED BY DATA PAGE

address     data page           name
--------    ----------------    ----
00000000       0 (00000000)     _XRDY_bit
00000001       0 (00000000)     _gCounter_updateGlobals
00000002       0 (00000000)     _Kv
00000003       0 (00000000)     _Flag_Latch_softwareUpdate
00000004       0 (00000000)     _CPU_Cycles
00000005       0 (00000000)     _RxByte
00000006       0 (00000000)     _i
00000007       0 (00000000)     _delay
00000008       0 (00000000)     _gLEDcnt
00000009       0 (00000000)     _i2cIndex
0000000a       0 (00000000)     _ARM_status
0000000b       0 (00000000)     _Slave_Addr
0000000c       0 (00000000)     _DutyOffTime1
0000000e       0 (00000000)     _DutyOnTime1
00000010       0 (00000000)     _RCSpeedRef
00000012       0 (00000000)     _eCapBuf
00000014       0 (00000000)     _RC_SigTimeOn
00000016       0 (00000000)     _RPM_Max
00000018       0 (00000000)     _Period1
0000001a       0 (00000000)     _RC_SigTimeOff
0000001c       0 (00000000)     _Ls_d_ben
0000001e       0 (00000000)     _fwHandle
00000020       0 (00000000)     _gpioHandle
00000022       0 (00000000)     _gTorque_Ls_Id_Iq_pu_to_Nm_sf
00000024       0 (00000000)     _gTorque_Flux_Iq_pu_to_Nm_sf
00000026       0 (00000000)     _gFlux_pu_to_Wb_sf
00000028       0 (00000000)     _gFlux_pu_to_VpHz_sf
0000002a       0 (00000000)     _ctrlHandle
0000002c       0 (00000000)     _halHandle
0000002e       0 (00000000)     _USER_MOTOR_Rs_M
00000030       0 (00000000)     _Rec_Data
00000032       0 (00000000)     _Ls_q_ben
00000034       0 (00000000)     _pllHandle
00000036       0 (00000000)     _Iq_Max_pu
00000038       0 (00000000)     _capHandle
0000003a       0 (00000000)     _i2cHandle
0000003c       0 (00000000)     _gMaxCurrentSlope

00000040       1 (00000040)     _SevenSegInit
00000044       1 (00000040)     _gPwmData
0000004a       1 (00000040)     _gAdcData
00000058       1 (00000040)     _fw

00000080       2 (00000080)     _gDrvSpi8301Vars

000000c0       3 (000000c0)     _gMotorVars

00000140       5 (00000140)     _gUserParams

00000200       8 (00000200)     _ctrl

00000308       c (00000300)     ___TI_cleanup_ptr
0000030a       c (00000300)     ___TI_dtors_ptr
0000030c       c (00000300)     __lock
0000030e       c (00000300)     __unlock
00000312       c (00000300)     _cpu

00000340       d (00000340)     _hal

00000406      10 (00000400)     __stack


GLOBAL SYMBOLS: SORTED ALPHABETICALLY BY Name 

page  address   name                                             
----  -------   ----                                             
1     003f4000  .text                                            
1     003f76fc  C$$EXIT                                          
abs   003fdc5e  FD$$MPY                                          
1     003f76a5  FD$$TOFS                                         
abs   003fdf7b  FD$$TOL                                          
abs   003fdeb8  FS$$ADD                                          
abs   003fdf2b  FS$$CMP                                          
abs   003fdce1  FS$$DIV                                          
abs   003fdde7  FS$$MPY                                          
abs   003fff4d  FS$$NEG                                          
abs   003fdeb3  FS$$SUB                                          
abs   003fdfb7  FS$$TOFD                                         
abs   003fff0e  FS$$TOI                                          
abs   003ffee5  FS$$TOL                                          
1     003f76c6  FS$$TOU                                          
abs   003fff33  I$$TOFS                                          
1     003f7613  L$$DIV                                           
1     003f7622  L$$MOD                                           
abs   003ff8bd  U$$TOFS                                          
1     003f7630  UL$$DIV                                          
1     003f7637  UL$$MOD                                          
1     003f7715  UL$$TOFD                                         
abs   003ff8aa  UL$$TOFS                                         
1     003f6dc8  _ADC_disable                                     
1     003f6dbe  _ADC_disableBandGap                              
1     003f6da7  _ADC_disableInt                                  
1     003f6d9d  _ADC_disableNoOverlapMode                        
1     003f6d93  _ADC_disableRefBuffers                           
1     003f6d89  _ADC_disableVoltRefLoConv                        
1     003f6d7f  _ADC_enable                                      
1     003f6d75  _ADC_enableBandGap                               
1     003f6d5f  _ADC_enableInt                                   
1     003f6d55  _ADC_enableNoOverlapMode                         
1     003f6d4b  _ADC_enableRefBuffers                            
1     003f6d41  _ADC_enableVoltRefLoConv                         
1     003f6d3a  _ADC_getDivideSelect                             
1     003f6d31  _ADC_init                                        
1     003f6d27  _ADC_powerDown                                   
1     003f6d1d  _ADC_powerUp                                     
1     003f6d13  _ADC_reset                                       
1     003f6d02  _ADC_setDivideSelect                             
1     003f6ce1  _ADC_setIntMode                                  
1     003f6cd0  _ADC_setIntPulseGenMode                          
1     003f6caf  _ADC_setIntSrc                                   
1     003f6ca5  _ADC_setOffTrim                                  
1     003f6c8e  _ADC_setSampleMode                               
1     003f6c7b  _ADC_setSampleOverlapMode                        
1     003f6c67  _ADC_setSocChanNumber                            
1     003f6c5a  _ADC_setSocFrc                                   
1     003f6c50  _ADC_setSocFrcWord                               
1     003f6c3c  _ADC_setSocSampleDelay                           
1     003f6c28  _ADC_setSocTrigSrc                               
1     003f6c17  _ADC_setTempSensorSrc                            
1     003f6c06  _ADC_setVoltRefSrc                               
1     003f6bdb  _ADC_setupSocTrigSrc                             
1     0000000a  _ARM_status                                      
1     003f743a  _CAP_disableCaptureLoad                          
1     003f7436  _CAP_disableInt                                  
1     003f7432  _CAP_disableSyncIn                               
1     003f742e  _CAP_disableTimestampCounter                     
1     003f742a  _CAP_enableCaptureLoad                           
1     003f7427  _CAP_enableInt                                   
1     003f7423  _CAP_enableSyncIn                                
1     003f741f  _CAP_enableTimestampCounter                      
1     003f7418  _CAP_init                                        
1     003f7414  _CAP_setCapContinuous                            
1     003f7405  _CAP_setCapEvtPolarity                           
1     003f73f5  _CAP_setCapEvtReset                              
1     003f73f1  _CAP_setCapOneShot                               
1     003f73ed  _CAP_setModeApwm                                 
1     003f73e9  _CAP_setModeCap                                  
1     003f73e2  _CAP_setStopWrap                                 
1     003f73db  _CAP_setSyncOut                                  
1     003f705d  _CLK_disableAdcClock                             
1     003f7057  _CLK_disableClkIn                                
1     003f7053  _CLK_disableCompClock                            
1     003f704c  _CLK_disableCpuTimerClock                        
1     003f7046  _CLK_disableCrystalOsc                           
1     003f703f  _CLK_disableEcap1Clock                           
1     003f7038  _CLK_disableGpioInputClock                       
1     003f7031  _CLK_disableHrPwmClock                           
1     003f702a  _CLK_disableI2cClock                             
1     003f7024  _CLK_disableOsc1                                 
1     003f701e  _CLK_disableOsc1HaltMode                         
1     003f7018  _CLK_disableOsc2                                 
1     003f7012  _CLK_disableOsc2HaltMode                         
1     003f7008  _CLK_disablePwmClock                             
1     003f7001  _CLK_disableSciaClock                            
1     003f6ffa  _CLK_disableSpiaClock                            
1     003f6ff3  _CLK_disableTbClockSync                          
1     003f6fed  _CLK_disableWatchDogHaltMode                     
1     003f6fe6  _CLK_enableAdcClock                              
1     003f6fe0  _CLK_enableClkIn                                 
1     003f6fda  _CLK_enableCompClock                             
1     003f6fd4  _CLK_enableCpuTimerClock                         
1     003f6fce  _CLK_enableCrystalOsc                            
1     003f6fc7  _CLK_enableEcap1Clock                            
1     003f6fc0  _CLK_enableGpioInputClock                        
1     003f6fb9  _CLK_enableHrPwmClock                            
1     003f6fb2  _CLK_enableI2cClock                              
1     003f6fac  _CLK_enableOsc1                                  
1     003f6fa6  _CLK_enableOsc1HaltMode                          
1     003f6fa0  _CLK_enableOsc2                                  
1     003f6f9a  _CLK_enableOsc2HaltMode                          
1     003f6f91  _CLK_enablePwmClock                              
1     003f6f8a  _CLK_enableSciaClock                             
1     003f6f83  _CLK_enableSpiaClock                             
1     003f6f7c  _CLK_enableTbClockSync                           
1     003f6f76  _CLK_enableWatchDogHaltMode                      
1     003f6f6f  _CLK_init                                        
1     003f6f68  _CLK_setClkOutPreScaler                          
1     003f6f62  _CLK_setLowSpdPreScaler                          
1     003f6f5b  _CLK_setOsc2Src                                  
1     003f6f54  _CLK_setOscSrc                                   
1     003f6f4d  _CLK_setTimer2PreScale                           
1     003f6f46  _CLK_setTimer2Src                                
1     003f6f3f  _CLK_setWatchDogSrc                              
1     003f6f38  _CLK_setXClkInSrc                                
1     00000004  _CPU_Cycles                                      
1     003f765f  _CPU_clearIntFlags                               
1     003f765c  _CPU_disableDebugInt                             
1     003f7659  _CPU_disableGlobalInts                           
1     003f7654  _CPU_disableInt                                  
1     003f7651  _CPU_disableInts                                 
1     003f764e  _CPU_disableProtectedRegisterWrite               
1     003f764b  _CPU_enableDebugInt                              
1     003f7648  _CPU_enableGlobalInts                            
1     003f7644  _CPU_enableInt                                   
1     003f7641  _CPU_enableProtectedRegisterWrite                
1     003f763d  _CPU_init                                        
1     003f65d4  _CTRL_getGains                                   
1     003f65cd  _CTRL_getIab_filt_pu                             
1     003f65c6  _CTRL_getIab_in_pu                               
1     003f65bf  _CTRL_getIdq_in_pu                               
1     003f65b8  _CTRL_getIdq_ref_pu                              
1     003f660d  _CTRL_getMagCurrent_pu                           
1     003f660a  _CTRL_getMaximumSpeed_pu                         
1     003f65b1  _CTRL_getVab_in_pu                               
1     003f65aa  _CTRL_getVab_out_pu                              
1     003f65a3  _CTRL_getVdq_out_pu                              
1     003f4ece  _CTRL_getVersion                                 
1     003f659a  _CTRL_getWaitTimes                               
abs   003fd88b  _CTRL_initCtrl                                   
1     0000800b  _CTRL_run                                        
1     003f4ddd  _CTRL_runTraj                                    
1     003f4673  _CTRL_setEstParams                               
1     003f6319  _CTRL_setGains                                   
1     003f6604  _CTRL_setMagCurrent_pu                           
1     003f6607  _CTRL_setMaximumSpeed_pu                         
1     003f6341  _CTRL_setParams                                  
1     003f6306  _CTRL_setSpd_ref_krpm                            
1     003f6303  _CTRL_setSpd_ref_pu                              
1     003f4540  _CTRL_setUserMotorParams                         
1     003f62fa  _CTRL_setWaitTimes                               
1     00008000  _CTRL_setup                                      
1     003f62de  _CTRL_setupClarke_I                              
1     003f62c8  _CTRL_setupClarke_V                              
1     003f4349  _CTRL_setupCtrl                                  
1     003f41ab  _CTRL_setupEstIdleState                          
1     003f4170  _CTRL_setupEstOnLineState                        
1     003f4000  _CTRL_setupTraj                                  
1     003f6264  _CTRL_setup_user                                 
1     003f61b0  _CTRL_updateState                                
1     003f6bb8  _DRV8301_enable                                  
1     003f6ba6  _DRV8301_getDcCalMode                            
1     003f6b8b  _DRV8301_getFaultType                            
1     003f6b85  _DRV8301_getId                                   
1     003f6b7e  _DRV8301_getOcLevel                              
1     003f6b77  _DRV8301_getOcMode                               
1     003f6b70  _DRV8301_getOcOffTimeMode                        
1     003f6b69  _DRV8301_getOcTwMode                             
1     003f6b62  _DRV8301_getPeakCurrent                          
1     003f6b5b  _DRV8301_getPwmMode                              
1     003f6b54  _DRV8301_getShuntAmpGain                         
1     003f6b4a  _DRV8301_init                                    
1     003f6b44  _DRV8301_isFault                                 
1     003f6b3d  _DRV8301_isReset                                 
1     003f6ac7  _DRV8301_readData                                
1     003f6947  _DRV8301_readSpi                                 
1     003f6ab8  _DRV8301_reset                                   
1     003f6a99  _DRV8301_setDcCalMode                            
1     003f6a97  _DRV8301_setGpioHandle                           
1     003f6a95  _DRV8301_setGpioNumber                           
1     003f6a81  _DRV8301_setOcLevel                              
1     003f6a6d  _DRV8301_setOcMode                               
1     003f6a59  _DRV8301_setOcOffTimeMode                        
1     003f6a45  _DRV8301_setOcTwMode                             
1     003f6a31  _DRV8301_setPeakCurrent                          
1     003f6a1d  _DRV8301_setPwmMode                              
1     003f6a09  _DRV8301_setShuntAmpGain                         
1     003f6a07  _DRV8301_setSpiHandle                            
1     003f6980  _DRV8301_setupSpi                                
1     003f691e  _DRV8301_writeData                               
1     003f6907  _DRV8301_writeSpi                                
1     0000000c  _DutyOffTime1                                    
1     0000000e  _DutyOnTime1                                     
abs   003fd9e5  _EST_Angle_setParams                             
abs   003fd922  _EST_Dir_setParams                               
abs   003fd1e8  _EST_EPL_setParams                               
abs   003fd9b0  _EST_Flux_ab_setParams                           
abs   003fd514  _EST_Flux_computeOneOverFlux_qFmt                
abs   003fda3b  _EST_Flux_dq_setParams                           
abs   003fd49c  _EST_Flux_getRatedFlux_pu                        
abs   003fd42e  _EST_Flux_setParams                              
abs   003fd41e  _EST_Flux_setWaitTimes                           
abs   003fd95c  _EST_Freq_setParams                              
abs   003fd1be  _EST_I_setParams                                 
abs   003fd9cc  _EST_Iab_setParams                               
abs   003fda1e  _EST_Idq_setParams                               
abs   003fd3a8  _EST_Ls_getLs_d                                  
abs   003fd2b6  _EST_Ls_setLs_d                                  
abs   003fd284  _EST_Ls_setLs_q                                  
abs   003fd247  _EST_Ls_setParams                                
abs   003fd237  _EST_Ls_setWaitTimes                             
abs   003fda0d  _EST_OneOverDcBus_setParams                      
abs   003fd7e9  _EST_Rr_setParams                                
abs   003fd788  _EST_Rr_setRr                                    
abs   003fd57d  _EST_RsOnLine_setFilterParams                    
abs   003fd54d  _EST_RsOnLine_setParams                          
abs   003fd767  _EST_Rs_getRs                                    
abs   003fd725  _EST_Rs_setParams                                
abs   003fd6c3  _EST_Rs_setRs                                    
abs   003fd6b3  _EST_Rs_setWaitTimes                             
abs   003fd1af  _EST_TRAJ_setParams                              
abs   003fda53  _EST_Vab_setParams                               
abs   003fda47  _EST_Vback_ab_setParams                          
abs   003fda5e  _EST_Vback_dq_setParams                          
abs   003fd9fb  _EST_Vdq_setParams                               
abs   003fc092  _EST_computeDirection_qFmt                       
abs   003fd16d  _EST_computeL                                    
abs   003fd14d  _EST_computeR                                    
abs   003fd145  _EST_doCurrentCtrl                               
abs   003fd13d  _EST_doSpeedCtrl                                 
abs   003fc5f2  _EST_getAngle_pu                                 
abs   003fd0a3  _EST_getFlux_VpHz                                
abs   003fd090  _EST_getFlux_pu                                  
abs   003fd073  _EST_getFm_pu                                    
abs   003fc062  _EST_getFullScaleCurrent                         
abs   003fd043  _EST_getFullScaleFlux                            
abs   003fcc5c  _EST_getFullScaleFreq                            
abs   003fc4d1  _EST_getFullScaleInductance                      
abs   003fc08e  _EST_getFullScaleVoltage                         
abs   003fd017  _EST_getIdRated                                  
abs   003fcfe4  _EST_getLs_coarse_max_pu                         
abs   003fcfda  _EST_getLs_d_H                                   
abs   003fcfd5  _EST_getLs_d_pu                                  
abs   003fcfb3  _EST_getLs_q_H                                   
abs   003fcfae  _EST_getLs_q_pu                                  
abs   003fcfa2  _EST_getMaxCurrentSlope_pu                       
abs   003fcf98  _EST_getOneOverDcBus_pu                          
abs   003fcf92  _EST_getRr_Ohm                                   
abs   003fcef8  _EST_getRs_Ohm                                   
abs   003fceab  _EST_getSpeed_krpm                               
abs   003fc000  _EST_getState                                    
abs   003fce3d  _EST_get_krpm_to_pu_sf                           
abs   003fce38  _EST_get_pu_to_krpm_sf                           
abs   003fcd72  _EST_isError                                     
abs   003fcd6b  _EST_isIdle                                      
abs   003fcd64  _EST_isLockRotor                                 
abs   003fc05e  _EST_isMotorIdentified                           
abs   003fcd5d  _EST_isOnLine                                    
abs   003fc5ed  _EST_resetCounter_ctrl                           
abs   003fc05a  _EST_resetCounter_state                          
abs   003fcc60  _EST_run                                         
abs   003fc5c5  _EST_setFlag_enableFluxControl                   
abs   003fc5c0  _EST_setFlag_enableForceAngle                    
abs   003fc5bc  _EST_setFlag_enableRsOnLine                      
abs   003fc5b8  _EST_setFlag_enableRsRecalc                      
abs   003fc5b4  _EST_setFlag_estComplete                         
abs   003fc5b0  _EST_setFlag_updateRs                            
abs   003fc594  _EST_setFullScaleCurrent                         
abs   003fc58b  _EST_setFullScaleFreq                            
abs   003fc573  _EST_setFullScaleResistance                      
abs   003fc56f  _EST_setFullScaleVoltage                         
abs   003fc569  _EST_setIdRated_pu                               
abs   003fc565  _EST_setId_ref_pu                                
abs   003fc55f  _EST_setIdle                                     
abs   003fc54c  _EST_setIdle_all                                 
abs   003fc548  _EST_setIq_ref_pu                                
abs   003fc52a  _EST_setLs_d_pu                                  
abs   003fc4d6  _EST_setLs_qFmt                                  
abs   003fc4cc  _EST_setLs_q_pu                                  
abs   003fc4c0  _EST_setMaxCurrentSlope_pu                       
abs   003fc4bb  _EST_setMotorParams                              
abs   003fc3fd  _EST_setRs_pu                                    
abs   003fc3e2  _EST_setWaitTimes                                
abs   003fc3da  _EST_updateId_ref_pu                             
abs   003fc0f8  _EST_updateState                                 
abs   003fc002  _EST_useZeroIq_ref                               
1     003f7681  _FILTER_FO_getDenCoeffs                          
1     003f767a  _FILTER_FO_getInitialConditions                  
1     003f7674  _FILTER_FO_getNumCoeffs                          
1     003f766d  _FILTER_FO_init                                  
1     003f766b  _FILTER_FO_setDenCoeffs                          
1     003f7666  _FILTER_FO_setInitialConditions                  
1     003f7662  _FILTER_FO_setNumCoeffs                          
1     003f769f  _FLASH_clear3VStatus                             
1     0000865f  _FLASH_disablePipelineMode                       
1     00008659  _FLASH_enablePipelineMode                        
1     003f769c  _FLASH_get3VStatus                               
1     003f7699  _FLASH_getActiveWaitCount                        
1     003f7695  _FLASH_getActiveWaitStatus                       
1     003f7692  _FLASH_getPowerMode                              
1     003f768f  _FLASH_getStandbyWaitCount                       
1     003f768b  _FLASH_getStandbyWaitStatus                      
1     003f7684  _FLASH_init                                      
1     00008654  _FLASH_setActiveWaitCount                        
1     0000864d  _FLASH_setNumPagedReadWaitStates                 
1     00008646  _FLASH_setNumRandomReadWaitStates                
1     0000863f  _FLASH_setOtpWaitStates                          
1     00008638  _FLASH_setPowerMode                              
1     00008633  _FLASH_setStandbyWaitCount                       
1     003f774d  _FW_init                                         
1     00000003  _Flag_Latch_softwareUpdate                       
1     003f6f29  _GPIO_getData                                    
1     003f6f22  _GPIO_getPortData                                
1     003f6f1b  _GPIO_init                                       
1     003f6f11  _GPIO_lpmSelect                                  
1     003f6ef1  _GPIO_read                                       
1     003f6ed6  _GPIO_setDirection                               
1     003f6ecb  _GPIO_setExtInt                                  
1     003f6eba  _GPIO_setHigh                                    
1     003f6ea9  _GPIO_setLow                                     
1     003f6e76  _GPIO_setMode                                    
1     003f6e6b  _GPIO_setPortData                                
1     003f6e50  _GPIO_setPullUp                                  
1     003f6e13  _GPIO_setQualification                           
1     003f6de3  _GPIO_setQualificationPeriod                     
1     003f6dd2  _GPIO_toggle                                     
1     003f52c0  _HAL_AdcCalChanSelect                            
1     003f5317  _HAL_AdcCalConversion                            
1     003f5479  _HAL_AdcOffsetSelfCal                            
1     003f5542  _HAL_OscTempComp                                 
1     003f559b  _HAL_cal                                         
1     003f57ed  _HAL_clearInt                                    
1     003f57e9  _HAL_disableGlobalInts                           
1     003f56c9  _HAL_disableWdog                                 
1     003f57d7  _HAL_enableAdcInts                               
1     003f57c3  _HAL_enableCapInt                                
1     003f57bf  _HAL_enableDebugInt                              
1     003f57ba  _HAL_enableDrv                                   
1     003f57b6  _HAL_enableGlobalInts                            
1     003f57a0  _HAL_enableI2cInt                                
1     003f578f  _HAL_enablePwmInt                                
1     003f54a8  _HAL_getOscTrimValue                             
1     003f56ce  _HAL_init                                        
1     003f54be  _HAL_osc1Comp                                    
1     003f5500  _HAL_osc2Comp                                    
1     003f56c4  _HAL_readDrvData                                 
1     003f55b2  _HAL_setParams                                   
1     003f520e  _HAL_setupAdcs                                   
1     003f51f2  _HAL_setupClks                                   
1     003f51ed  _HAL_setupDrvSpi                                 
1     003f51d2  _HAL_setupFaults                                 
1     00008665  _HAL_setupFlash                                  
1     003f51bd  _HAL_setupGate                                   
1     003f50ee  _HAL_setupGpios                                  
1     003f50c8  _HAL_setupLaunchPadGpio0and1                     
1     003f5093  _HAL_setupPeripheralClks                         
1     003f5077  _HAL_setupPie                                    
1     003f5038  _HAL_setupPll                                    
1     003f4f5b  _HAL_setupPwms                                   
1     003f4f25  _HAL_setupSpiA                                   
1     003f4edd  _HAL_setupTimers                                 
1     003f4ed8  _HAL_writeDrvData                                
1     003f716c  _I2C_ResetTxFifo                                 
1     003f5cd5  _I2C_Send                                        
1     003f5c82  _I2C_SendtoAddr                                  
1     003f5c39  _I2C_SendwStart                                  
1     003f7169  _I2C_clearAccessReady                            
1     003f7166  _I2C_clearArbLost                                
1     003f7163  _I2C_clearBB                                     
1     003f715f  _I2C_clearDebugFree                              
1     003f715b  _I2C_clearDigitalLoopback                        
1     003f7157  _I2C_clearFreeDataFormat                         
1     003f7153  _I2C_clearModuleReset                            
1     003f7150  _I2C_clearNACK                                   
1     003f714c  _I2C_clearNackmod                                
1     003f7149  _I2C_clearReceiveDataReady                       
1     003f7145  _I2C_clearRptMode                                
1     003f7141  _I2C_clearRxFifoInt                              
1     003f713d  _I2C_clearStart                                  
1     003f7139  _I2C_clearStop                                   
1     003f7136  _I2C_clearStopCondDetected                       
1     003f7132  _I2C_clearTransmit                               
1     003f712e  _I2C_clearTxFifoInt                              
1     003f712a  _I2C_disable                                     
1     003f7126  _I2C_disableFifo                                 
1     003f7123  _I2C_disableInt                                  
1     003f711f  _I2C_disableRxFifoInt                            
1     003f711b  _I2C_disableTxFifoInt                            
1     003f707a  _I2C_enable                                      
1     003f7117  _I2C_enableFifo                                  
1     003f7113  _I2C_enableInt                                   
1     003f710f  _I2C_enableRxFifoInt                             
1     003f710b  _I2C_enableTxFifoInt                             
1     003f7107  _I2C_getBusBusy                                  
1     003f7105  _I2C_getData                                     
1     003f7102  _I2C_getIntSource                                
1     003f70fd  _I2C_getRxFifoInt                                
1     003f70f9  _I2C_getRxFifoStatus                             
1     003f70f5  _I2C_getRxReady                                  
1     003f70f3  _I2C_getStatus                                   
1     003f70ef  _I2C_getStopCondDetected                         
1     003f70ea  _I2C_getStopCondition                            
1     003f70e6  _I2C_getTxFifoStatus                             
1     003f70e2  _I2C_getTxReady                                  
1     003f70de  _I2C_getXRDY                                     
1     003f70d7  _I2C_init                                        
1     003f70d3  _I2C_isMasterBusy                                
1     003f70d0  _I2C_putData                                     
1     003f70cc  _I2C_resetRxFifo                                 
1     003f70c8  _I2C_resetTxFifo                                 
1     003f70c4  _I2C_set10BitAddress                             
1     003f70c0  _I2C_set7BitAddress                              
1     003f70bd  _I2C_setCharLength                               
1     003f70bb  _I2C_setDataCount                                
1     003f70b7  _I2C_setDebugFree                                
1     003f70b3  _I2C_setDigitalLoopback                          
1     003f70af  _I2C_setExtendedStart                            
1     003f70ab  _I2C_setFreeDataFormat                           
1     003f70a7  _I2C_setFreeRun                                  
1     003f70a3  _I2C_setMaster                                   
1     003f70a1  _I2C_setMasterSlaveAddr                          
1     003f709e  _I2C_setMode                                     
1     003f709a  _I2C_setModuleReset                              
1     003f7096  _I2C_setNackmod                                  
1     003f7092  _I2C_setNormalStart                              
1     003f708e  _I2C_setReceive                                  
1     003f708a  _I2C_setRptMode                                  
1     003f7087  _I2C_setRxFifoIntLevel                           
1     003f7083  _I2C_setSlave                                    
1     003f707e  _I2C_setSlaveAddress                             
1     003f7076  _I2C_setStart                                    
1     003f7072  _I2C_setStop                                     
1     003f706e  _I2C_setTransmit                                 
1     003f706b  _I2C_setTxFifoIntLevel                           
1     003f7064  _I2C_setupClock                                  
1     003f58d1  _InitECapture                                    
1     003f5c0d  _InitI2C                                         
1     00000036  _Iq_Max_pu                                       
1     00000002  _Kv                                              
1     0000001c  _Ls_d_ben                                        
1     00000032  _Ls_q_ben                                        
1     003f74d3  _OFFSET_getBeta                                  
1     003f74c1  _OFFSET_init                                     
1     003f74ab  _OFFSET_setBeta                                  
1     003f749c  _OFFSET_setInitCond                              
1     003f749a  _OFFSET_setOffset                                
1     003f760c  _OSC_init                                        
1     003f75ff  _OSC_setCoarseTrim                               
1     003f75ee  _OSC_setFineTrim                                 
1     003f75e5  _OSC_setTrim                                     
1     003f726b  _PIE_clearAllFlags                               
1     003f7268  _PIE_clearAllInts                                
1     003f7265  _PIE_disable                                     
1     003f725e  _PIE_disableAllInts                              
1     003f725a  _PIE_disableCaptureInt                           
1     003f7251  _PIE_disableExtInt                               
1     003f7247  _PIE_disableInt                                  
1     003f7244  _PIE_enable                                      
1     003f7227  _PIE_enableAdcInt                                
1     003f7223  _PIE_enableCaptureInt                            
1     003f7206  _PIE_enableExtInt                                
1     003f71fd  _PIE_enableInt                                   
1     003f71f8  _PIE_enablePwmInt                                
1     003f71f3  _PIE_enablePwmTzInt                              
1     003f71f0  _PIE_enableTimer0Int                             
1     003f71e7  _PIE_forceInt                                    
1     003f71df  _PIE_getExtIntCount                              
1     003f71d8  _PIE_getIntEnables                               
1     003f71d1  _PIE_getIntFlags                                 
1     003f7754  _PIE_illegalIsr                                  
1     003f71c8  _PIE_init                                        
1     003f71b7  _PIE_registerPieIntHandler                       
1     003f71ac  _PIE_registerSystemIntHandler                    
1     003f71a1  _PIE_setDefaultIntVectorTable                    
1     003f7190  _PIE_setExtIntPolarity                           
1     003f717d  _PIE_unregisterPieIntHandler                     
1     003f7170  _PIE_unregisterSystemIntHandler                  
1     003f7494  _PLL_disable                                     
1     003f748e  _PLL_disableClkDetect                            
1     003f7488  _PLL_disableNormRdy                              
1     003f7482  _PLL_disableOsc                                  
1     003f747c  _PLL_enable                                      
1     003f7476  _PLL_enableClkDetect                             
1     003f7470  _PLL_enableNormRdy                               
1     003f746a  _PLL_enableOsc                                   
1     003f7466  _PLL_getClkFreq                                  
1     003f7463  _PLL_getClkStatus                                
1     003f7460  _PLL_getDivideSelect                             
1     003f745d  _PLL_getLockStatus                               
1     003f7456  _PLL_init                                        
1     003f7450  _PLL_resetClkDetect                              
1     003f744a  _PLL_setClkFreq                                  
1     003f7443  _PLL_setDivideSelect                             
1     003f743e  _PLL_setLockPeriod                               
1     003f6901  _PWM_clearTripZone                               
1     003f68fe  _PWM_decrementDeadBandFallingEdgeDelay           
1     003f68fb  _PWM_decrementDeadBandRisingEdgeDelay            
1     003f68f4  _PWM_disableAutoConvert                          
1     003f68f0  _PWM_disableChopping                             
1     003f68ed  _PWM_disableCounterLoad                          
1     003f68ea  _PWM_disableDeadBand                             
1     003f68e6  _PWM_disableDeadBandHalfCycle                    
1     003f68df  _PWM_disableDigitalCompareBlankingWindow         
1     003f68d8  _PWM_disableDigitalCompareBlankingWindowInversion
1     003f68d1  _PWM_disableHrPeriod                             
1     003f68ca  _PWM_disableHrPhaseSync                          
1     003f68c6  _PWM_disableInt                                  
1     003f68c2  _PWM_disableSocAPulse                            
1     003f68be  _PWM_disableSocBPulse                            
1     003f68b7  _PWM_disableTripZoneInt                          
1     003f68b0  _PWM_disableTripZoneSrc                          
1     003f68aa  _PWM_disableTripZones                            
1     003f68a3  _PWM_enableAutoConvert                           
1     003f689f  _PWM_enableChopping                              
1     003f689c  _PWM_enableCounterLoad                           
1     003f6898  _PWM_enableDeadBandHalfCycle                     
1     003f6891  _PWM_enableDigitalCompareBlankingWindow          
1     003f688a  _PWM_enableDigitalCompareBlankingWindowInversion 
1     003f6883  _PWM_enableHrPeriod                              
1     003f687c  _PWM_enableHrPhaseSync                           
1     003f6878  _PWM_enableInt                                   
1     003f6874  _PWM_enableSocAPulse                             
1     003f6870  _PWM_enableSocBPulse                             
1     003f686a  _PWM_enableTripZoneInt                           
1     003f6864  _PWM_enableTripZoneSrc                           
1     003f6861  _PWM_getDeadBandFallingEdgeDelay                 
1     003f685e  _PWM_getDeadBandRisingEdgeDelay                  
1     003f685a  _PWM_getIntCount                                 
1     003f6856  _PWM_getShadowStatus_CmpA                        
1     003f6852  _PWM_getShadowStatus_CmpB                        
1     003f684d  _PWM_getSocACount                                
1     003f6848  _PWM_getSocBCount                                
1     003f6845  _PWM_incrementDeadBandFallingEdgeDelay           
1     003f6842  _PWM_incrementDeadBandRisingEdgeDelay            
1     003f683b  _PWM_init                                        
1     003f6834  _PWM_setActionQualContSWForce_PwmA               
1     003f682b  _PWM_setActionQualContSWForce_PwmB               
1     003f6822  _PWM_setActionQual_CntDown_CmpA_PwmA             
1     003f6819  _PWM_setActionQual_CntDown_CmpA_PwmB             
1     003f6810  _PWM_setActionQual_CntDown_CmpB_PwmA             
1     003f6807  _PWM_setActionQual_CntDown_CmpB_PwmB             
1     003f67fe  _PWM_setActionQual_CntUp_CmpA_PwmA               
1     003f67f5  _PWM_setActionQual_CntUp_CmpA_PwmB               
1     003f67ec  _PWM_setActionQual_CntUp_CmpB_PwmA               
1     003f67e3  _PWM_setActionQual_CntUp_CmpB_PwmB               
1     003f67da  _PWM_setActionQual_Period_PwmA                   
1     003f67d1  _PWM_setActionQual_Period_PwmB                   
1     003f67ca  _PWM_setActionQual_Zero_PwmA                     
1     003f67c3  _PWM_setActionQual_Zero_PwmB                     
1     003f67bc  _PWM_setChoppingClkFreq                          
1     003f67b5  _PWM_setChoppingDutyCycle                        
1     003f67ae  _PWM_setChoppingPulseWidth                       
1     003f67aa  _PWM_setClkDiv                                   
1     003f67a8  _PWM_setCount                                    
1     003f67a4  _PWM_setCounterMode                              
1     003f67a1  _PWM_setDeadBandFallingEdgeDelay                 
1     003f679a  _PWM_setDeadBandInputMode                        
1     003f6793  _PWM_setDeadBandOutputMode                       
1     003f678c  _PWM_setDeadBandPolarity                         
1     003f6789  _PWM_setDeadBandRisingEdgeDelay                  
1     003f676f  _PWM_setDigitalCompareAEvent1                    
1     003f675f  _PWM_setDigitalCompareAEvent2                    
1     003f6745  _PWM_setDigitalCompareBEvent1                    
1     003f6735  _PWM_setDigitalCompareBEvent2                    
1     003f6729  _PWM_setDigitalCompareBlankingPulse              
1     003f6726  _PWM_setDigitalCompareFilterOffset               
1     003f671c  _PWM_setDigitalCompareFilterSource               
1     003f6719  _PWM_setDigitalCompareFilterWindow               
1     003f670a  _PWM_setDigitalCompareInput                      
1     003f6706  _PWM_setHighSpeedClkDiv                          
1     003f66fc  _PWM_setHrControlMode                            
1     003f66f2  _PWM_setHrEdgeMode                               
1     003f66e8  _PWM_setHrShadowMode                             
1     003f66e1  _PWM_setIntMode                                  
1     003f66da  _PWM_setIntPeriod                                
1     003f66d6  _PWM_setLoadMode_CmpA                            
1     003f66d0  _PWM_setLoadMode_CmpB                            
1     003f66ce  _PWM_setPeriod                                   
1     003f66c9  _PWM_setPeriodHr                                 
1     003f66c5  _PWM_setPeriodLoad                               
1     003f66c3  _PWM_setPhase                                    
1     003f66bf  _PWM_setPhaseDir                                 
1     003f66bb  _PWM_setRunMode                                  
1     003f66b5  _PWM_setShadowMode_CmpA                          
1     003f66af  _PWM_setShadowMode_CmpB                          
1     003f66a6  _PWM_setSocAPeriod                               
1     003f669d  _PWM_setSocAPulseSrc                             
1     003f6694  _PWM_setSocBPeriod                               
1     003f668b  _PWM_setSocBPulseSrc                             
1     003f6688  _PWM_setSwSync                                   
1     003f6684  _PWM_setSyncMode                                 
1     003f667a  _PWM_setTripZoneDCEventSelect_DCAEVT1            
1     003f666e  _PWM_setTripZoneDCEventSelect_DCAEVT2            
1     003f6662  _PWM_setTripZoneDCEventSelect_DCBEVT1            
1     003f6656  _PWM_setTripZoneDCEventSelect_DCBEVT2            
1     003f664a  _PWM_setTripZoneState_DCAEVT1                    
1     003f663e  _PWM_setTripZoneState_DCAEVT2                    
1     003f6632  _PWM_setTripZoneState_DCBEVT1                    
1     003f6626  _PWM_setTripZoneState_DCBEVT2                    
1     003f661c  _PWM_setTripZoneState_TZA                        
1     003f6610  _PWM_setTripZoneState_TZB                        
1     003f756b  _PWR_disableBrownOutReset                        
1     003f7561  _PWR_disableWatchDogInt                          
1     003f755e  _PWR_enableBrownOutReset                         
1     003f7554  _PWR_enableWatchDogInt                           
1     003f754b  _PWR_init                                        
1     003f753a  _PWR_setLowPowerMode                             
1     003f7529  _PWR_setNumStandByClocks                         
1     00000018  _Period1                                         
1     00000010  _RCSpeedRef                                      
1     0000001a  _RC_SigTimeOff                                   
1     00000014  _RC_SigTimeOn                                    
1     00000016  _RPM_Max                                         
1     003f7de0  _RamfuncsLoadEnd                                 
1     003f7759  _RamfuncsLoadStart                               
1     00008000  _RamfuncsRunStart                                
1     00000030  _Rec_Data                                        
1     00000005  _RxByte                                          
1     003f73d7  _SPI_clearRxFifoInt                              
1     003f73d3  _SPI_clearRxFifoOvf                              
1     003f73cf  _SPI_clearTxFifoInt                              
1     003f73cc  _SPI_disableInt                                  
1     003f73c9  _SPI_disableLoopBack                             
1     003f73c6  _SPI_disableOverRunInt                           
1     003f73c2  _SPI_disableRxFifoInt                            
1     003f73bf  _SPI_disableTx                                   
1     003f73bb  _SPI_disableTxFifoEnh                            
1     003f73b7  _SPI_disableTxFifoInt                            
1     003f73b4  _SPI_enable                                      
1     003f73b0  _SPI_enableChannels                              
1     003f73ad  _SPI_enableInt                                   
1     003f73aa  _SPI_enableLoopBack                              
1     003f73a7  _SPI_enableOverRunInt                            
1     003f73a3  _SPI_enableRxFifo                                
1     003f739f  _SPI_enableRxFifoInt                             
1     003f739c  _SPI_enableTx                                    
1     003f7398  _SPI_enableTxFifo                                
1     003f7394  _SPI_enableTxFifoEnh                             
1     003f7390  _SPI_enableTxFifoInt                             
1     003f738d  _SPI_getIntFlagStatus                            
1     003f7389  _SPI_getRxFifoStatus                             
1     003f7386  _SPI_getTxBufferStatus                           
1     003f7382  _SPI_getTxFifoStatus                             
1     003f737b  _SPI_init                                        
1     003f7378  _SPI_reset                                       
1     003f7374  _SPI_resetChannels                               
1     003f7370  _SPI_resetRxFifo                                 
1     003f736c  _SPI_resetTxFifo                                 
1     003f736a  _SPI_setBaudRate                                 
1     003f7366  _SPI_setCharLength                               
1     003f7364  _SPI_setClkPhase                                 
1     003f7360  _SPI_setClkPolarity                              
1     003f735e  _SPI_setMode                                     
1     003f7357  _SPI_setPriority                                 
1     003f7350  _SPI_setRxFifoIntLevel                           
1     003f7349  _SPI_setSteInv                                   
1     003f7342  _SPI_setSuspend                                  
1     003f733b  _SPI_setTriWire                                  
1     003f7338  _SPI_setTxDelay                                  
1     003f7331  _SPI_setTxFifoIntLevel                           
1     00000040  _SevenSegInit                                    
1     0000000b  _Slave_Addr                                      
1     003f75e2  _TIMER_clearFlag                                 
1     003f75df  _TIMER_disableInt                                
1     003f75dc  _TIMER_enableInt                                 
1     003f75d9  _TIMER_getStatus                                 
1     003f75d2  _TIMER_init                                      
1     003f75c4  _TIMER_setDecimationFactor                       
1     003f75c0  _TIMER_setEmulationMode                          
1     003f75b2  _TIMER_setPreScaler                              
1     0000002e  _USER_MOTOR_Rs_M                                 
1     003f60ef  _USER_calcPIgains                                
1     003f60eb  _USER_checkForErrors                             
1     003f60dd  _USER_computeFlux                                
1     003f608c  _USER_computeFlux_pu_to_VpHz_sf                  
1     003f603b  _USER_computeFlux_pu_to_Wb_sf                    
1     003f5fea  _USER_computeTorque_Flux_Iq_pu_to_Nm_sf          
1     003f5f9b  _USER_computeTorque_Ls_Id_Iq_pu_to_Nm_sf         
1     003f5f4e  _USER_computeTorque_Nm                           
1     003f5ef6  _USER_computeTorque_lbin                         
1     003f5ef3  _USER_getErrorCode                               
1     003f5ef0  _USER_setErrorCode                               
1     003f5db0  _USER_setParams                                  
1     003f5d18  _USER_softwareUpdate1p6                          
1     003f7521  _WDOG_clearCounter                               
1     003f7519  _WDOG_disable                                    
1     003f7513  _WDOG_disableInt                                 
1     003f750d  _WDOG_disableOverRide                            
1     003f7504  _WDOG_enable                                     
1     003f74fe  _WDOG_enableInt                                  
1     003f74f8  _WDOG_enableOverRide                             
1     003f74f5  _WDOG_getIntStatus                               
1     003f74ee  _WDOG_init                                       
1     003f74ec  _WDOG_setCount                                   
1     003f74e2  _WDOG_setPreScaler                               
1     00000000  _XRDY_bit                                        
abs   003ff854  __IQ24cosPU                                      
abs   003fff8f  __IQ24rmpy                                       
abs   003ff82b  __IQ24sinPU                                      
abs   003ff2aa  __IQ24sqrt                                       
abs   003ff87b  __IQ29rsmpy                                      
abs   003fff52  __IQ30rsmpy                                      
abs   003fff7b  __IQ30toF                                        
1     00000706  __STACK_END                                      
abs   00000300  __STACK_SIZE                                     
1     00000308  ___TI_cleanup_ptr                                
1     0000030a  ___TI_dtors_ptr                                  
abs   ffffffff  ___binit__                                       
abs   ffffffff  ___c_args__                                      
1     003f7de0  ___cinit__                                       
1     003f7759  ___etext__                                       
abs   ffffffff  ___pinit__                                       
1     003f4000  ___text__                                        
1     003f76e3  __args_main                                      
1     0000030c  __lock                                           
1     003f7744  __nop                                            
1     003f7740  __register_lock                                  
1     003f773c  __register_unlock                                
1     00000406  __stack                                          
1     0000030e  __unlock                                         
1     003f76fc  _abort                                           
1     003f756e  _c_int00                                         
1     00000038  _capHandle                                       
1     00000312  _cpu                                             
1     00000200  _ctrl                                            
1     0000002a  _ctrlHandle                                      
1     00000007  _delay                                           
1     00000012  _eCapBuf                                         
1     003f72c0  _ecap1_isr                                       
1     003f76fe  _exit                                            
1     00000058  _fw                                              
1     0000001e  _fwHandle                                        
1     0000004a  _gAdcData                                        
1     00000001  _gCounter_updateGlobals                          
1     00000080  _gDrvSpi8301Vars                                 
1     00000028  _gFlux_pu_to_VpHz_sf                             
1     00000026  _gFlux_pu_to_Wb_sf                               
1     00000008  _gLEDcnt                                         
1     0000003c  _gMaxCurrentSlope                                
1     000000c0  _gMotorVars                                      
1     00000044  _gPwmData                                        
1     00000024  _gTorque_Flux_Iq_pu_to_Nm_sf                     
1     00000022  _gTorque_Ls_Id_Iq_pu_to_Nm_sf                    
1     00000140  _gUserParams                                     
1     00000020  _gpioHandle                                      
1     00000340  _hal                                             
1     0000002c  _halHandle                                       
1     00000006  _i                                               
1     0000003a  _i2cHandle                                       
1     00000009  _i2cIndex                                        
1     003f7272  _i2c_isr                                         
abs   003fda88  _log                                             
1     003f5931  _main                                            
1     0000851a  _mainISR                                         
1     003f772b  _memCopy                                         
abs   003fde82  _modf                                            
1     00000034  _pllHandle                                       
abs   003fdd64  _pow                                             
1     003f5814  _updateGlobalVariables_motor                     
1     003f57f2  _updateKpKiGains                                 
1     00008683  _usDelay                                         
abs   ffffffff  binit                                            
1     003f7de0  cinit                                            
0     003f7ff6  code_start                                       
1     003f7759  etext                                            
abs   ffffffff  pinit                                            


GLOBAL SYMBOLS: SORTED BY Symbol Address 

page  address   name                                             
----  -------   ----                                             
0     003f7ff6  code_start                                       
1     00000000  _XRDY_bit                                        
1     00000001  _gCounter_updateGlobals                          
1     00000002  _Kv                                              
1     00000003  _Flag_Latch_softwareUpdate                       
1     00000004  _CPU_Cycles                                      
1     00000005  _RxByte                                          
1     00000006  _i                                               
1     00000007  _delay                                           
1     00000008  _gLEDcnt                                         
1     00000009  _i2cIndex                                        
1     0000000a  _ARM_status                                      
1     0000000b  _Slave_Addr                                      
1     0000000c  _DutyOffTime1                                    
1     0000000e  _DutyOnTime1                                     
1     00000010  _RCSpeedRef                                      
1     00000012  _eCapBuf                                         
1     00000014  _RC_SigTimeOn                                    
1     00000016  _RPM_Max                                         
1     00000018  _Period1                                         
1     0000001a  _RC_SigTimeOff                                   
1     0000001c  _Ls_d_ben                                        
1     0000001e  _fwHandle                                        
1     00000020  _gpioHandle                                      
1     00000022  _gTorque_Ls_Id_Iq_pu_to_Nm_sf                    
1     00000024  _gTorque_Flux_Iq_pu_to_Nm_sf                     
1     00000026  _gFlux_pu_to_Wb_sf                               
1     00000028  _gFlux_pu_to_VpHz_sf                             
1     0000002a  _ctrlHandle                                      
1     0000002c  _halHandle                                       
1     0000002e  _USER_MOTOR_Rs_M                                 
1     00000030  _Rec_Data                                        
1     00000032  _Ls_q_ben                                        
1     00000034  _pllHandle                                       
1     00000036  _Iq_Max_pu                                       
1     00000038  _capHandle                                       
1     0000003a  _i2cHandle                                       
1     0000003c  _gMaxCurrentSlope                                
1     00000040  _SevenSegInit                                    
1     00000044  _gPwmData                                        
1     0000004a  _gAdcData                                        
1     00000058  _fw                                              
1     00000080  _gDrvSpi8301Vars                                 
1     000000c0  _gMotorVars                                      
1     00000140  _gUserParams                                     
1     00000200  _ctrl                                            
1     00000308  ___TI_cleanup_ptr                                
1     0000030a  ___TI_dtors_ptr                                  
1     0000030c  __lock                                           
1     0000030e  __unlock                                         
1     00000312  _cpu                                             
1     00000340  _hal                                             
1     00000406  __stack                                          
1     00000706  __STACK_END                                      
1     00008000  _CTRL_setup                                      
1     00008000  _RamfuncsRunStart                                
1     0000800b  _CTRL_run                                        
1     0000851a  _mainISR                                         
1     00008633  _FLASH_setStandbyWaitCount                       
1     00008638  _FLASH_setPowerMode                              
1     0000863f  _FLASH_setOtpWaitStates                          
1     00008646  _FLASH_setNumRandomReadWaitStates                
1     0000864d  _FLASH_setNumPagedReadWaitStates                 
1     00008654  _FLASH_setActiveWaitCount                        
1     00008659  _FLASH_enablePipelineMode                        
1     0000865f  _FLASH_disablePipelineMode                       
1     00008665  _HAL_setupFlash                                  
1     00008683  _usDelay                                         
1     003f4000  .text                                            
1     003f4000  _CTRL_setupTraj                                  
1     003f4000  ___text__                                        
1     003f4170  _CTRL_setupEstOnLineState                        
1     003f41ab  _CTRL_setupEstIdleState                          
1     003f4349  _CTRL_setupCtrl                                  
1     003f4540  _CTRL_setUserMotorParams                         
1     003f4673  _CTRL_setEstParams                               
1     003f4ddd  _CTRL_runTraj                                    
1     003f4ece  _CTRL_getVersion                                 
1     003f4ed8  _HAL_writeDrvData                                
1     003f4edd  _HAL_setupTimers                                 
1     003f4f25  _HAL_setupSpiA                                   
1     003f4f5b  _HAL_setupPwms                                   
1     003f5038  _HAL_setupPll                                    
1     003f5077  _HAL_setupPie                                    
1     003f5093  _HAL_setupPeripheralClks                         
1     003f50c8  _HAL_setupLaunchPadGpio0and1                     
1     003f50ee  _HAL_setupGpios                                  
1     003f51bd  _HAL_setupGate                                   
1     003f51d2  _HAL_setupFaults                                 
1     003f51ed  _HAL_setupDrvSpi                                 
1     003f51f2  _HAL_setupClks                                   
1     003f520e  _HAL_setupAdcs                                   
1     003f52c0  _HAL_AdcCalChanSelect                            
1     003f5317  _HAL_AdcCalConversion                            
1     003f5479  _HAL_AdcOffsetSelfCal                            
1     003f54a8  _HAL_getOscTrimValue                             
1     003f54be  _HAL_osc1Comp                                    
1     003f5500  _HAL_osc2Comp                                    
1     003f5542  _HAL_OscTempComp                                 
1     003f559b  _HAL_cal                                         
1     003f55b2  _HAL_setParams                                   
1     003f56c4  _HAL_readDrvData                                 
1     003f56c9  _HAL_disableWdog                                 
1     003f56ce  _HAL_init                                        
1     003f578f  _HAL_enablePwmInt                                
1     003f57a0  _HAL_enableI2cInt                                
1     003f57b6  _HAL_enableGlobalInts                            
1     003f57ba  _HAL_enableDrv                                   
1     003f57bf  _HAL_enableDebugInt                              
1     003f57c3  _HAL_enableCapInt                                
1     003f57d7  _HAL_enableAdcInts                               
1     003f57e9  _HAL_disableGlobalInts                           
1     003f57ed  _HAL_clearInt                                    
1     003f57f2  _updateKpKiGains                                 
1     003f5814  _updateGlobalVariables_motor                     
1     003f58d1  _InitECapture                                    
1     003f5931  _main                                            
1     003f5c0d  _InitI2C                                         
1     003f5c39  _I2C_SendwStart                                  
1     003f5c82  _I2C_SendtoAddr                                  
1     003f5cd5  _I2C_Send                                        
1     003f5d18  _USER_softwareUpdate1p6                          
1     003f5db0  _USER_setParams                                  
1     003f5ef0  _USER_setErrorCode                               
1     003f5ef3  _USER_getErrorCode                               
1     003f5ef6  _USER_computeTorque_lbin                         
1     003f5f4e  _USER_computeTorque_Nm                           
1     003f5f9b  _USER_computeTorque_Ls_Id_Iq_pu_to_Nm_sf         
1     003f5fea  _USER_computeTorque_Flux_Iq_pu_to_Nm_sf          
1     003f603b  _USER_computeFlux_pu_to_Wb_sf                    
1     003f608c  _USER_computeFlux_pu_to_VpHz_sf                  
1     003f60dd  _USER_computeFlux                                
1     003f60eb  _USER_checkForErrors                             
1     003f60ef  _USER_calcPIgains                                
1     003f61b0  _CTRL_updateState                                
1     003f6264  _CTRL_setup_user                                 
1     003f62c8  _CTRL_setupClarke_V                              
1     003f62de  _CTRL_setupClarke_I                              
1     003f62fa  _CTRL_setWaitTimes                               
1     003f6303  _CTRL_setSpd_ref_pu                              
1     003f6306  _CTRL_setSpd_ref_krpm                            
1     003f6319  _CTRL_setGains                                   
1     003f6341  _CTRL_setParams                                  
1     003f659a  _CTRL_getWaitTimes                               
1     003f65a3  _CTRL_getVdq_out_pu                              
1     003f65aa  _CTRL_getVab_out_pu                              
1     003f65b1  _CTRL_getVab_in_pu                               
1     003f65b8  _CTRL_getIdq_ref_pu                              
1     003f65bf  _CTRL_getIdq_in_pu                               
1     003f65c6  _CTRL_getIab_in_pu                               
1     003f65cd  _CTRL_getIab_filt_pu                             
1     003f65d4  _CTRL_getGains                                   
1     003f6604  _CTRL_setMagCurrent_pu                           
1     003f6607  _CTRL_setMaximumSpeed_pu                         
1     003f660a  _CTRL_getMaximumSpeed_pu                         
1     003f660d  _CTRL_getMagCurrent_pu                           
1     003f6610  _PWM_setTripZoneState_TZB                        
1     003f661c  _PWM_setTripZoneState_TZA                        
1     003f6626  _PWM_setTripZoneState_DCBEVT2                    
1     003f6632  _PWM_setTripZoneState_DCBEVT1                    
1     003f663e  _PWM_setTripZoneState_DCAEVT2                    
1     003f664a  _PWM_setTripZoneState_DCAEVT1                    
1     003f6656  _PWM_setTripZoneDCEventSelect_DCBEVT2            
1     003f6662  _PWM_setTripZoneDCEventSelect_DCBEVT1            
1     003f666e  _PWM_setTripZoneDCEventSelect_DCAEVT2            
1     003f667a  _PWM_setTripZoneDCEventSelect_DCAEVT1            
1     003f6684  _PWM_setSyncMode                                 
1     003f6688  _PWM_setSwSync                                   
1     003f668b  _PWM_setSocBPulseSrc                             
1     003f6694  _PWM_setSocBPeriod                               
1     003f669d  _PWM_setSocAPulseSrc                             
1     003f66a6  _PWM_setSocAPeriod                               
1     003f66af  _PWM_setShadowMode_CmpB                          
1     003f66b5  _PWM_setShadowMode_CmpA                          
1     003f66bb  _PWM_setRunMode                                  
1     003f66bf  _PWM_setPhaseDir                                 
1     003f66c3  _PWM_setPhase                                    
1     003f66c5  _PWM_setPeriodLoad                               
1     003f66c9  _PWM_setPeriodHr                                 
1     003f66ce  _PWM_setPeriod                                   
1     003f66d0  _PWM_setLoadMode_CmpB                            
1     003f66d6  _PWM_setLoadMode_CmpA                            
1     003f66da  _PWM_setIntPeriod                                
1     003f66e1  _PWM_setIntMode                                  
1     003f66e8  _PWM_setHrShadowMode                             
1     003f66f2  _PWM_setHrEdgeMode                               
1     003f66fc  _PWM_setHrControlMode                            
1     003f6706  _PWM_setHighSpeedClkDiv                          
1     003f670a  _PWM_setDigitalCompareInput                      
1     003f6719  _PWM_setDigitalCompareFilterWindow               
1     003f671c  _PWM_setDigitalCompareFilterSource               
1     003f6726  _PWM_setDigitalCompareFilterOffset               
1     003f6729  _PWM_setDigitalCompareBlankingPulse              
1     003f6735  _PWM_setDigitalCompareBEvent2                    
1     003f6745  _PWM_setDigitalCompareBEvent1                    
1     003f675f  _PWM_setDigitalCompareAEvent2                    
1     003f676f  _PWM_setDigitalCompareAEvent1                    
1     003f6789  _PWM_setDeadBandRisingEdgeDelay                  
1     003f678c  _PWM_setDeadBandPolarity                         
1     003f6793  _PWM_setDeadBandOutputMode                       
1     003f679a  _PWM_setDeadBandInputMode                        
1     003f67a1  _PWM_setDeadBandFallingEdgeDelay                 
1     003f67a4  _PWM_setCounterMode                              
1     003f67a8  _PWM_setCount                                    
1     003f67aa  _PWM_setClkDiv                                   
1     003f67ae  _PWM_setChoppingPulseWidth                       
1     003f67b5  _PWM_setChoppingDutyCycle                        
1     003f67bc  _PWM_setChoppingClkFreq                          
1     003f67c3  _PWM_setActionQual_Zero_PwmB                     
1     003f67ca  _PWM_setActionQual_Zero_PwmA                     
1     003f67d1  _PWM_setActionQual_Period_PwmB                   
1     003f67da  _PWM_setActionQual_Period_PwmA                   
1     003f67e3  _PWM_setActionQual_CntUp_CmpB_PwmB               
1     003f67ec  _PWM_setActionQual_CntUp_CmpB_PwmA               
1     003f67f5  _PWM_setActionQual_CntUp_CmpA_PwmB               
1     003f67fe  _PWM_setActionQual_CntUp_CmpA_PwmA               
1     003f6807  _PWM_setActionQual_CntDown_CmpB_PwmB             
1     003f6810  _PWM_setActionQual_CntDown_CmpB_PwmA             
1     003f6819  _PWM_setActionQual_CntDown_CmpA_PwmB             
1     003f6822  _PWM_setActionQual_CntDown_CmpA_PwmA             
1     003f682b  _PWM_setActionQualContSWForce_PwmB               
1     003f6834  _PWM_setActionQualContSWForce_PwmA               
1     003f683b  _PWM_init                                        
1     003f6842  _PWM_incrementDeadBandRisingEdgeDelay            
1     003f6845  _PWM_incrementDeadBandFallingEdgeDelay           
1     003f6848  _PWM_getSocBCount                                
1     003f684d  _PWM_getSocACount                                
1     003f6852  _PWM_getShadowStatus_CmpB                        
1     003f6856  _PWM_getShadowStatus_CmpA                        
1     003f685a  _PWM_getIntCount                                 
1     003f685e  _PWM_getDeadBandRisingEdgeDelay                  
1     003f6861  _PWM_getDeadBandFallingEdgeDelay                 
1     003f6864  _PWM_enableTripZoneSrc                           
1     003f686a  _PWM_enableTripZoneInt                           
1     003f6870  _PWM_enableSocBPulse                             
1     003f6874  _PWM_enableSocAPulse                             
1     003f6878  _PWM_enableInt                                   
1     003f687c  _PWM_enableHrPhaseSync                           
1     003f6883  _PWM_enableHrPeriod                              
1     003f688a  _PWM_enableDigitalCompareBlankingWindowInversion 
1     003f6891  _PWM_enableDigitalCompareBlankingWindow          
1     003f6898  _PWM_enableDeadBandHalfCycle                     
1     003f689c  _PWM_enableCounterLoad                           
1     003f689f  _PWM_enableChopping                              
1     003f68a3  _PWM_enableAutoConvert                           
1     003f68aa  _PWM_disableTripZones                            
1     003f68b0  _PWM_disableTripZoneSrc                          
1     003f68b7  _PWM_disableTripZoneInt                          
1     003f68be  _PWM_disableSocBPulse                            
1     003f68c2  _PWM_disableSocAPulse                            
1     003f68c6  _PWM_disableInt                                  
1     003f68ca  _PWM_disableHrPhaseSync                          
1     003f68d1  _PWM_disableHrPeriod                             
1     003f68d8  _PWM_disableDigitalCompareBlankingWindowInversion
1     003f68df  _PWM_disableDigitalCompareBlankingWindow         
1     003f68e6  _PWM_disableDeadBandHalfCycle                    
1     003f68ea  _PWM_disableDeadBand                             
1     003f68ed  _PWM_disableCounterLoad                          
1     003f68f0  _PWM_disableChopping                             
1     003f68f4  _PWM_disableAutoConvert                          
1     003f68fb  _PWM_decrementDeadBandRisingEdgeDelay            
1     003f68fe  _PWM_decrementDeadBandFallingEdgeDelay           
1     003f6901  _PWM_clearTripZone                               
1     003f6907  _DRV8301_writeSpi                                
1     003f691e  _DRV8301_writeData                               
1     003f6947  _DRV8301_readSpi                                 
1     003f6980  _DRV8301_setupSpi                                
1     003f6a07  _DRV8301_setSpiHandle                            
1     003f6a09  _DRV8301_setShuntAmpGain                         
1     003f6a1d  _DRV8301_setPwmMode                              
1     003f6a31  _DRV8301_setPeakCurrent                          
1     003f6a45  _DRV8301_setOcTwMode                             
1     003f6a59  _DRV8301_setOcOffTimeMode                        
1     003f6a6d  _DRV8301_setOcMode                               
1     003f6a81  _DRV8301_setOcLevel                              
1     003f6a95  _DRV8301_setGpioNumber                           
1     003f6a97  _DRV8301_setGpioHandle                           
1     003f6a99  _DRV8301_setDcCalMode                            
1     003f6ab8  _DRV8301_reset                                   
1     003f6ac7  _DRV8301_readData                                
1     003f6b3d  _DRV8301_isReset                                 
1     003f6b44  _DRV8301_isFault                                 
1     003f6b4a  _DRV8301_init                                    
1     003f6b54  _DRV8301_getShuntAmpGain                         
1     003f6b5b  _DRV8301_getPwmMode                              
1     003f6b62  _DRV8301_getPeakCurrent                          
1     003f6b69  _DRV8301_getOcTwMode                             
1     003f6b70  _DRV8301_getOcOffTimeMode                        
1     003f6b77  _DRV8301_getOcMode                               
1     003f6b7e  _DRV8301_getOcLevel                              
1     003f6b85  _DRV8301_getId                                   
1     003f6b8b  _DRV8301_getFaultType                            
1     003f6ba6  _DRV8301_getDcCalMode                            
1     003f6bb8  _DRV8301_enable                                  
1     003f6bdb  _ADC_setupSocTrigSrc                             
1     003f6c06  _ADC_setVoltRefSrc                               
1     003f6c17  _ADC_setTempSensorSrc                            
1     003f6c28  _ADC_setSocTrigSrc                               
1     003f6c3c  _ADC_setSocSampleDelay                           
1     003f6c50  _ADC_setSocFrcWord                               
1     003f6c5a  _ADC_setSocFrc                                   
1     003f6c67  _ADC_setSocChanNumber                            
1     003f6c7b  _ADC_setSampleOverlapMode                        
[...]
1     003f71f0  _PIE_enableTimer0Int                             
1     003f71f3  _PIE_enablePwmTzInt                              
1     003f71f8  _PIE_enablePwmInt                                
1     003f71fd  _PIE_enableInt                                   
1     003f7206  _PIE_enableExtInt                                
1     003f7223  _PIE_enableCaptureInt                            
1     003f7227  _PIE_enableAdcInt                                
1     003f7244  _PIE_enable                                      
1     003f7247  _PIE_disableInt                                  
1     003f7251  _PIE_disableExtInt                               
1     003f725a  _PIE_disableCaptureInt                           
1     003f725e  _PIE_disableAllInts                              
1     003f7265  _PIE_disable                                     
1     003f7268  _PIE_clearAllInts                                
1     003f726b  _PIE_clearAllFlags                               
1     003f7272  _i2c_isr                                         
1     003f72c0  _ecap1_isr                                       
1     003f7331  _SPI_setTxFifoIntLevel                           
1     003f7338  _SPI_setTxDelay                                  
1     003f733b  _SPI_setTriWire                                  
1     003f7342  _SPI_setSuspend                                  
1     003f7349  _SPI_setSteInv                                   
1     003f7350  _SPI_setRxFifoIntLevel                           
1     003f7357  _SPI_setPriority                                 
1     003f735e  _SPI_setMode                                     
1     003f7360  _SPI_setClkPolarity                              
1     003f7364  _SPI_setClkPhase                                 
1     003f7366  _SPI_setCharLength                               
1     003f736a  _SPI_setBaudRate                                 
1     003f736c  _SPI_resetTxFifo                                 
1     003f7370  _SPI_resetRxFifo                                 
1     003f7374  _SPI_resetChannels                               
1     003f7378  _SPI_reset                                       
1     003f737b  _SPI_init                                        
1     003f7382  _SPI_getTxFifoStatus                             
1     003f7386  _SPI_getTxBufferStatus                           
1     003f7389  _SPI_getRxFifoStatus                             
1     003f738d  _SPI_getIntFlagStatus                            
1     003f7390  _SPI_enableTxFifoInt                             
1     003f7394  _SPI_enableTxFifoEnh                             
1     003f7398  _SPI_enableTxFifo                                
1     003f739c  _SPI_enableTx                                    
1     003f739f  _SPI_enableRxFifoInt                             
1     003f73a3  _SPI_enableRxFifo                                
1     003f73a7  _SPI_enableOverRunInt                            
1     003f73aa  _SPI_enableLoopBack                              
1     003f73ad  _SPI_enableInt                                   
1     003f73b0  _SPI_enableChannels                              
1     003f73b4  _SPI_enable                                      
1     003f73b7  _SPI_disableTxFifoInt                            
1     003f73bb  _SPI_disableTxFifoEnh                            
1     003f73bf  _SPI_disableTx                                   
1     003f73c2  _SPI_disableRxFifoInt                            
1     003f73c6  _SPI_disableOverRunInt                           
1     003f73c9  _SPI_disableLoopBack                             
1     003f73cc  _SPI_disableInt                                  
1     003f73cf  _SPI_clearTxFifoInt                              
1     003f73d3  _SPI_clearRxFifoOvf                              
1     003f73d7  _SPI_clearRxFifoInt                              
1     003f73db  _CAP_setSyncOut                                  
1     003f73e2  _CAP_setStopWrap                                 
1     003f73e9  _CAP_setModeCap                                  
1     003f73ed  _CAP_setModeApwm                                 
1     003f73f1  _CAP_setCapOneShot                               
1     003f73f5  _CAP_setCapEvtReset                              
1     003f7405  _CAP_setCapEvtPolarity                           
1     003f7414  _CAP_setCapContinuous                            
1     003f7418  _CAP_init                                        
1     003f741f  _CAP_enableTimestampCounter                      
1     003f7423  _CAP_enableSyncIn                                
1     003f7427  _CAP_enableInt                                   
1     003f742a  _CAP_enableCaptureLoad                           
1     003f742e  _CAP_disableTimestampCounter                     
1     003f7432  _CAP_disableSyncIn                               
1     003f7436  _CAP_disableInt                                  
1     003f743a  _CAP_disableCaptureLoad                          
1     003f743e  _PLL_setLockPeriod                               
1     003f7443  _PLL_setDivideSelect                             
1     003f744a  _PLL_setClkFreq                                  
1     003f7450  _PLL_resetClkDetect                              
1     003f7456  _PLL_init                                        
1     003f745d  _PLL_getLockStatus                               
1     003f7460  _PLL_getDivideSelect                             
1     003f7463  _PLL_getClkStatus                                
1     003f7466  _PLL_getClkFreq                                  
1     003f746a  _PLL_enableOsc                                   
1     003f7470  _PLL_enableNormRdy                               
1     003f7476  _PLL_enableClkDetect                             
1     003f747c  _PLL_enable                                      
1     003f7482  _PLL_disableOsc                                  
1     003f7488  _PLL_disableNormRdy                              
1     003f748e  _PLL_disableClkDetect                            
1     003f7494  _PLL_disable                                     
1     003f749a  _OFFSET_setOffset                                
1     003f749c  _OFFSET_setInitCond                              
1     003f74ab  _OFFSET_setBeta                                  
1     003f74c1  _OFFSET_init                                     
1     003f74d3  _OFFSET_getBeta                                  
1     003f74e2  _WDOG_setPreScaler                               
1     003f74ec  _WDOG_setCount                                   
1     003f74ee  _WDOG_init                                       
1     003f74f5  _WDOG_getIntStatus                               
1     003f74f8  _WDOG_enableOverRide                             
1     003f74fe  _WDOG_enableInt                                  
1     003f7504  _WDOG_enable                                     
1     003f750d  _WDOG_disableOverRide                            
1     003f7513  _WDOG_disableInt                                 
1     003f7519  _WDOG_disable                                    
1     003f7521  _WDOG_clearCounter                               
1     003f7529  _PWR_setNumStandByClocks                         
1     003f753a  _PWR_setLowPowerMode                             
1     003f754b  _PWR_init                                        
1     003f7554  _PWR_enableWatchDogInt                           
1     003f755e  _PWR_enableBrownOutReset                         
1     003f7561  _PWR_disableWatchDogInt                          
1     003f756b  _PWR_disableBrownOutReset                        
1     003f756e  _c_int00                                         
1     003f75b2  _TIMER_setPreScaler                              
1     003f75c0  _TIMER_setEmulationMode                          
1     003f75c4  _TIMER_setDecimationFactor                       
1     003f75d2  _TIMER_init                                      
1     003f75d9  _TIMER_getStatus                                 
1     003f75dc  _TIMER_enableInt                                 
1     003f75df  _TIMER_disableInt                                
1     003f75e2  _TIMER_clearFlag                                 
1     003f75e5  _OSC_setTrim                                     
1     003f75ee  _OSC_setFineTrim                                 
1     003f75ff  _OSC_setCoarseTrim                               
1     003f760c  _OSC_init                                        
1     003f7613  L$$DIV                                           
1     003f7622  L$$MOD                                           
1     003f7630  UL$$DIV                                          
1     003f7637  UL$$MOD                                          
1     003f763d  _CPU_init                                        
1     003f7641  _CPU_enableProtectedRegisterWrite                
1     003f7644  _CPU_enableInt                                   
1     003f7648  _CPU_enableGlobalInts                            
1     003f764b  _CPU_enableDebugInt                              
1     003f764e  _CPU_disableProtectedRegisterWrite               
1     003f7651  _CPU_disableInts                                 
1     003f7654  _CPU_disableInt                                  
1     003f7659  _CPU_disableGlobalInts                           
1     003f765c  _CPU_disableDebugInt                             
1     003f765f  _CPU_clearIntFlags                               
1     003f7662  _FILTER_FO_setNumCoeffs                          
1     003f7666  _FILTER_FO_setInitialConditions                  
1     003f766b  _FILTER_FO_setDenCoeffs                          
1     003f766d  _FILTER_FO_init                                  
1     003f7674  _FILTER_FO_getNumCoeffs                          
1     003f767a  _FILTER_FO_getInitialConditions                  
1     003f7681  _FILTER_FO_getDenCoeffs                          
1     003f7684  _FLASH_init                                      
1     003f768b  _FLASH_getStandbyWaitStatus                      
1     003f768f  _FLASH_getStandbyWaitCount                       
1     003f7692  _FLASH_getPowerMode                              
1     003f7695  _FLASH_getActiveWaitStatus                       
1     003f7699  _FLASH_getActiveWaitCount                        
1     003f769c  _FLASH_get3VStatus                               
1     003f769f  _FLASH_clear3VStatus                             
1     003f76a5  FD$$TOFS                                         
1     003f76c6  FS$$TOU                                          
1     003f76e3  __args_main                                      
1     003f76fc  C$$EXIT                                          
1     003f76fc  _abort                                           
1     003f76fe  _exit                                            
1     003f7715  UL$$TOFD                                         
1     003f772b  _memCopy                                         
1     003f773c  __register_unlock                                
1     003f7740  __register_lock                                  
1     003f7744  __nop                                            
1     003f774d  _FW_init                                         
1     003f7754  _PIE_illegalIsr                                  
1     003f7759  _RamfuncsLoadStart                               
1     003f7759  ___etext__                                       
1     003f7759  etext                                            
1     003f7de0  _RamfuncsLoadEnd                                 
1     003f7de0  ___cinit__                                       
1     003f7de0  cinit                                            
abs   00000300  __STACK_SIZE                                     
abs   003fc000  _EST_getState                                    
abs   003fc002  _EST_useZeroIq_ref                               
abs   003fc05a  _EST_resetCounter_state                          
abs   003fc05e  _EST_isMotorIdentified                           
abs   003fc062  _EST_getFullScaleCurrent                         
abs   003fc08e  _EST_getFullScaleVoltage                         
abs   003fc092  _EST_computeDirection_qFmt                       
abs   003fc0f8  _EST_updateState                                 
abs   003fc3da  _EST_updateId_ref_pu                             
abs   003fc3e2  _EST_setWaitTimes                                
abs   003fc3fd  _EST_setRs_pu                                    
abs   003fc4bb  _EST_setMotorParams                              
abs   003fc4c0  _EST_setMaxCurrentSlope_pu                       
abs   003fc4cc  _EST_setLs_q_pu                                  
abs   003fc4d1  _EST_getFullScaleInductance                      
abs   003fc4d6  _EST_setLs_qFmt                                  
abs   003fc52a  _EST_setLs_d_pu                                  
abs   003fc548  _EST_setIq_ref_pu                                
abs   003fc54c  _EST_setIdle_all                                 
abs   003fc55f  _EST_setIdle                                     
abs   003fc565  _EST_setId_ref_pu                                
abs   003fc569  _EST_setIdRated_pu                               
abs   003fc56f  _EST_setFullScaleVoltage                         
abs   003fc573  _EST_setFullScaleResistance                      
abs   003fc58b  _EST_setFullScaleFreq                            
abs   003fc594  _EST_setFullScaleCurrent                         
abs   003fc5b0  _EST_setFlag_updateRs                            
abs   003fc5b4  _EST_setFlag_estComplete                         
abs   003fc5b8  _EST_setFlag_enableRsRecalc                      
abs   003fc5bc  _EST_setFlag_enableRsOnLine                      
abs   003fc5c0  _EST_setFlag_enableForceAngle                    
abs   003fc5c5  _EST_setFlag_enableFluxControl                   
abs   003fc5ed  _EST_resetCounter_ctrl                           
abs   003fc5f2  _EST_getAngle_pu                                 
abs   003fcc5c  _EST_getFullScaleFreq                            
abs   003fcc60  _EST_run                                         
abs   003fcd5d  _EST_isOnLine                                    
abs   003fcd64  _EST_isLockRotor                                 
abs   003fcd6b  _EST_isIdle                                      
abs   003fcd72  _EST_isError                                     
abs   003fce38  _EST_get_pu_to_krpm_sf                           
abs   003fce3d  _EST_get_krpm_to_pu_sf                           
abs   003fceab  _EST_getSpeed_krpm                               
abs   003fcef8  _EST_getRs_Ohm                                   
abs   003fcf92  _EST_getRr_Ohm                                   
abs   003fcf98  _EST_getOneOverDcBus_pu                          
abs   003fcfa2  _EST_getMaxCurrentSlope_pu                       
abs   003fcfae  _EST_getLs_q_pu                                  
abs   003fcfb3  _EST_getLs_q_H                                   
abs   003fcfd5  _EST_getLs_d_pu                                  
abs   003fcfda  _EST_getLs_d_H                                   
abs   003fcfe4  _EST_getLs_coarse_max_pu                         
abs   003fd017  _EST_getIdRated                                  
abs   003fd043  _EST_getFullScaleFlux                            
abs   003fd073  _EST_getFm_pu                                    
abs   003fd090  _EST_getFlux_pu                                  
abs   003fd0a3  _EST_getFlux_VpHz                                
abs   003fd13d  _EST_doSpeedCtrl                                 
abs   003fd145  _EST_doCurrentCtrl                               
abs   003fd14d  _EST_computeR                                    
abs   003fd16d  _EST_computeL                                    
abs   003fd1af  _EST_TRAJ_setParams                              
abs   003fd1be  _EST_I_setParams                                 
abs   003fd1e8  _EST_EPL_setParams                               
abs   003fd237  _EST_Ls_setWaitTimes                             
abs   003fd247  _EST_Ls_setParams                                
abs   003fd284  _EST_Ls_setLs_q                                  
abs   003fd2b6  _EST_Ls_setLs_d                                  
abs   003fd3a8  _EST_Ls_getLs_d                                  
abs   003fd41e  _EST_Flux_setWaitTimes                           
abs   003fd42e  _EST_Flux_setParams                              
abs   003fd49c  _EST_Flux_getRatedFlux_pu                        
abs   003fd514  _EST_Flux_computeOneOverFlux_qFmt                
abs   003fd54d  _EST_RsOnLine_setParams                          
abs   003fd57d  _EST_RsOnLine_setFilterParams                    
abs   003fd6b3  _EST_Rs_setWaitTimes                             
abs   003fd6c3  _EST_Rs_setRs                                    
abs   003fd725  _EST_Rs_setParams                                
abs   003fd767  _EST_Rs_getRs                                    
abs   003fd788  _EST_Rr_setRr                                    
abs   003fd7e9  _EST_Rr_setParams                                
abs   003fd88b  _CTRL_initCtrl                                   
abs   003fd922  _EST_Dir_setParams                               
abs   003fd95c  _EST_Freq_setParams                              
abs   003fd9b0  _EST_Flux_ab_setParams                           
abs   003fd9cc  _EST_Iab_setParams                               
abs   003fd9e5  _EST_Angle_setParams                             
abs   003fd9fb  _EST_Vdq_setParams                               
abs   003fda0d  _EST_OneOverDcBus_setParams                      
abs   003fda1e  _EST_Idq_setParams                               
abs   003fda3b  _EST_Flux_dq_setParams                           
abs   003fda47  _EST_Vback_ab_setParams                          
abs   003fda53  _EST_Vab_setParams                               
abs   003fda5e  _EST_Vback_dq_setParams                          
abs   003fda88  _log                                             
abs   003fdc5e  FD$$MPY                                          
abs   003fdce1  FS$$DIV                                          
abs   003fdd64  _pow                                             
abs   003fdde7  FS$$MPY                                          
abs   003fde82  _modf                                            
abs   003fdeb3  FS$$SUB                                          
abs   003fdeb8  FS$$ADD                                          
abs   003fdf2b  FS$$CMP                                          
abs   003fdf7b  FD$$TOL                                          
abs   003fdfb7  FS$$TOFD                                         
abs   003ff2aa  __IQ24sqrt                                       
abs   003ff82b  __IQ24sinPU                                      
abs   003ff854  __IQ24cosPU                                      
abs   003ff87b  __IQ29rsmpy                                      
abs   003ff8aa  UL$$TOFS                                         
abs   003ff8bd  U$$TOFS                                          
abs   003ffee5  FS$$TOL                                          
abs   003fff0e  FS$$TOI                                          
abs   003fff33  I$$TOFS                                          
abs   003fff4d  FS$$NEG                                          
abs   003fff52  __IQ30rsmpy                                      
abs   003fff7b  __IQ30toF                                        
abs   003fff8f  __IQ24rmpy                                       
abs   ffffffff  ___binit__                                       
abs   ffffffff  ___c_args__                                      
abs   ffffffff  ___pinit__                                       
abs   ffffffff  binit                                            
abs   ffffffff  pinit                                            

[769 symbols]
