<?xml version="1.0"?>
<link_info>
   <banner>TMS320C2000 Linker PC v6.4.9</banner>
   <copyright>Copyright (c) 1996-2015 Texas Instruments Incorporated</copyright>
   <link_time>0x56a6a0c4</link_time>
   <link_errors>0x0</link_errors>
   <output_file>proj_lab09.out</output_file>
   <entry_point>
      <name>_c_int00</name>
      <address>0x3f756e</address>
   </entry_point>
   <input_file_list>
      <input_file id="fl-8">
         <path>.\</path>
         <kind>object</kind>
         <file>CodeStartBranch.obj</file>
         <name>CodeStartBranch.obj</name>
      </input_file>
      <input_file id="fl-9">
         <path>.\</path>
         <kind>object</kind>
         <file>adc.obj</file>
         <name>adc.obj</name>
      </input_file>
      <input_file id="fl-a">
         <path>.\</path>
         <kind>object</kind>
         <file>cap.obj</file>
         <name>cap.obj</name>
      </input_file>
      <input_file id="fl-b">
         <path>.\</path>
         <kind>object</kind>
         <file>clarke.obj</file>
         <name>clarke.obj</name>
      </input_file>
      <input_file id="fl-c">
         <path>.\</path>
         <kind>object</kind>
         <file>clk.obj</file>
         <name>clk.obj</name>
      </input_file>
      <input_file id="fl-d">
         <path>.\</path>
         <kind>object</kind>
         <file>cpu.obj</file>
         <name>cpu.obj</name>
      </input_file>
      <input_file id="fl-e">
         <path>.\</path>
         <kind>object</kind>
         <file>ctrl.obj</file>
         <name>ctrl.obj</name>
      </input_file>
      <input_file id="fl-f">
         <path>.\</path>
         <kind>object</kind>
         <file>drv8301.obj</file>
         <name>drv8301.obj</name>
      </input_file>
      <input_file id="fl-10">
         <path>.\</path>
         <kind>object</kind>
         <file>filter_fo.obj</file>
         <name>filter_fo.obj</name>
      </input_file>
      <input_file id="fl-11">
         <path>.\</path>
         <kind>object</kind>
         <file>flash.obj</file>
         <name>flash.obj</name>
      </input_file>
      <input_file id="fl-12">
         <path>.\</path>
         <kind>object</kind>
         <file>fw.obj</file>
         <name>fw.obj</name>
      </input_file>
      <input_file id="fl-13">
         <path>.\</path>
         <kind>object</kind>
         <file>gpio.obj</file>
         <name>gpio.obj</name>
      </input_file>
      <input_file id="fl-14">
         <path>.\</path>
         <kind>object</kind>
         <file>hal.obj</file>
         <name>hal.obj</name>
      </input_file>
      <input_file id="fl-15">
         <path>.\</path>
         <kind>object</kind>
         <file>i2c.obj</file>
         <name>i2c.obj</name>
      </input_file>
      <input_file id="fl-16">
         <path>.\</path>
         <kind>object</kind>
         <file>ipark.obj</file>
         <name>ipark.obj</name>
      </input_file>
      <input_file id="fl-17">
         <path>.\</path>
         <kind>object</kind>
         <file>memCopy.obj</file>
         <name>memCopy.obj</name>
      </input_file>
      <input_file id="fl-18">
         <path>.\</path>
         <kind>object</kind>
         <file>offset.obj</file>
         <name>offset.obj</name>
      </input_file>
      <input_file id="fl-19">
         <path>.\</path>
         <kind>object</kind>
         <file>osc.obj</file>
         <name>osc.obj</name>
      </input_file>
      <input_file id="fl-1a">
         <path>.\</path>
         <kind>object</kind>
         <file>park.obj</file>
         <name>park.obj</name>
      </input_file>
      <input_file id="fl-1b">
         <path>.\</path>
         <kind>object</kind>
         <file>pid.obj</file>
         <name>pid.obj</name>
      </input_file>
      <input_file id="fl-1c">
         <path>.\</path>
         <kind>object</kind>
         <file>pie.obj</file>
         <name>pie.obj</name>
      </input_file>
      <input_file id="fl-1d">
         <path>.\</path>
         <kind>object</kind>
         <file>pll.obj</file>
         <name>pll.obj</name>
      </input_file>
      <input_file id="fl-1e">
         <path>.\</path>
         <kind>object</kind>
         <file>proj_lab09.obj</file>
         <name>proj_lab09.obj</name>
      </input_file>
      <input_file id="fl-1f">
         <path>.\</path>
         <kind>object</kind>
         <file>pwm.obj</file>
         <name>pwm.obj</name>
      </input_file>
      <input_file id="fl-20">
         <path>.\</path>
         <kind>object</kind>
         <file>pwr.obj</file>
         <name>pwr.obj</name>
      </input_file>
      <input_file id="fl-21">
         <path>.\</path>
         <kind>object</kind>
         <file>spi.obj</file>
         <name>spi.obj</name>
      </input_file>
      <input_file id="fl-22">
         <path>.\</path>
         <kind>object</kind>
         <file>svgen.obj</file>
         <name>svgen.obj</name>
      </input_file>
      <input_file id="fl-23">
         <path>.\</path>
         <kind>object</kind>
         <file>svgen_current.obj</file>
         <name>svgen_current.obj</name>
      </input_file>
      <input_file id="fl-24">
         <path>.\</path>
         <kind>object</kind>
         <file>timer.obj</file>
         <name>timer.obj</name>
      </input_file>
      <input_file id="fl-25">
         <path>.\</path>
         <kind>object</kind>
         <file>traj.obj</file>
         <name>traj.obj</name>
      </input_file>
      <input_file id="fl-26">
         <path>.\</path>
         <kind>object</kind>
         <file>usDelay.obj</file>
         <name>usDelay.obj</name>
      </input_file>
      <input_file id="fl-27">
         <path>.\</path>
         <kind>object</kind>
         <file>user.obj</file>
         <name>user.obj</name>
      </input_file>
      <input_file id="fl-28">
         <path>.\</path>
         <kind>object</kind>
         <file>wdog.obj</file>
         <name>wdog.obj</name>
      </input_file>
      <input_file id="fl-2c">
         <path>C:\ti\motorware\motorware_1_01_00_14\sw\modules\fast\lib\32b\f28x\f2802x\</path>
         <kind>archive</kind>
         <file>2802xRevB_Fast_RTS_ROMSymbols.lib</file>
         <name>REVB_2802x_boot_rom_out_FD$$MPY_tmp.obj</name>
      </input_file>
      <input_file id="fl-2d">
         <path>C:\ti\ccsv6\tools\compiler\ti-cgt-c2000_6.4.9\lib\</path>
         <kind>archive</kind>
         <file>rts2800_ml.lib</file>
         <name>fd_tofs.obj</name>
      </input_file>
      <input_file id="fl-2e">
         <path>C:\ti\motorware\motorware_1_01_00_14\sw\modules\fast\lib\32b\f28x\f2802x\</path>
         <kind>archive</kind>
         <file>2802xRevB_Fast_RTS_ROMSymbols.lib</file>
         <name>REVB_2802x_boot_rom_out_FD$$TOL_tmp.obj</name>
      </input_file>
      <input_file id="fl-2f">
         <path>C:\ti\motorware\motorware_1_01_00_14\sw\modules\fast\lib\32b\f28x\f2802x\</path>
         <kind>archive</kind>
         <file>2802xRevB_Fast_RTS_ROMSymbols.lib</file>
         <name>REVB_2802x_boot_rom_out_FS$$ADD_tmp.obj</name>
      </input_file>
      <input_file id="fl-30">
         <path>C:\ti\motorware\motorware_1_01_00_14\sw\modules\fast\lib\32b\f28x\f2802x\</path>
         <kind>archive</kind>
         <file>2802xRevB_Fast_RTS_ROMSymbols.lib</file>
         <name>REVB_2802x_boot_rom_out_FS$$CMP_tmp.obj</name>
      </input_file>
      <input_file id="fl-31">
         <path>C:\ti\motorware\motorware_1_01_00_14\sw\modules\fast\lib\32b\f28x\f2802x\</path>
         <kind>archive</kind>
         <file>2802xRevB_Fast_RTS_ROMSymbols.lib</file>
         <name>REVB_2802x_boot_rom_out_FS$$DIV_tmp.obj</name>
      </input_file>
      <input_file id="fl-32">
         <path>C:\ti\motorware\motorware_1_01_00_14\sw\modules\fast\lib\32b\f28x\f2802x\</path>
         <kind>archive</kind>
         <file>2802xRevB_Fast_RTS_ROMSymbols.lib</file>
         <name>REVB_2802x_boot_rom_out_FS$$MPY_tmp.obj</name>
      </input_file>
      <input_file id="fl-33">
         <path>C:\ti\motorware\motorware_1_01_00_14\sw\modules\fast\lib\32b\f28x\f2802x\</path>
         <kind>archive</kind>
         <file>2802xRevB_Fast_RTS_ROMSymbols.lib</file>
         <name>REVB_2802x_boot_rom_out_FS$$NEG_tmp.obj</name>
      </input_file>
      <input_file id="fl-34">
         <path>C:\ti\motorware\motorware_1_01_00_14\sw\modules\fast\lib\32b\f28x\f2802x\</path>
         <kind>archive</kind>
         <file>2802xRevB_Fast_RTS_ROMSymbols.lib</file>
         <name>REVB_2802x_boot_rom_out_FS$$SUB_tmp.obj</name>
      </input_file>
      <input_file id="fl-35">
         <path>C:\ti\motorware\motorware_1_01_00_14\sw\modules\fast\lib\32b\f28x\f2802x\</path>
         <kind>archive</kind>
         <file>2802xRevB_Fast_RTS_ROMSymbols.lib</file>
         <name>REVB_2802x_boot_rom_out_FS$$TOFD_tmp.obj</name>
      </input_file>
      <input_file id="fl-36">
         <path>C:\ti\motorware\motorware_1_01_00_14\sw\modules\fast\lib\32b\f28x\f2802x\</path>
         <kind>archive</kind>
         <file>2802xRevB_Fast_RTS_ROMSymbols.lib</file>
         <name>REVB_2802x_boot_rom_out_FS$$TOI_tmp.obj</name>
      </input_file>
      <input_file id="fl-37">
         <path>C:\ti\motorware\motorware_1_01_00_14\sw\modules\fast\lib\32b\f28x\f2802x\</path>
         <kind>archive</kind>
         <file>2802xRevB_Fast_RTS_ROMSymbols.lib</file>
         <name>REVB_2802x_boot_rom_out_FS$$TOL_tmp.obj</name>
      </input_file>
      <input_file id="fl-38">
         <path>C:\ti\ccsv6\tools\compiler\ti-cgt-c2000_6.4.9\lib\</path>
         <kind>archive</kind>
         <file>rts2800_ml.lib</file>
         <name>fs_tou.obj</name>
      </input_file>
      <input_file id="fl-39">
         <path>C:\ti\motorware\motorware_1_01_00_14\sw\modules\fast\lib\32b\f28x\f2802x\</path>
         <kind>archive</kind>
         <file>2802xRevB_Fast_RTS_ROMSymbols.lib</file>
         <name>REVB_2802x_boot_rom_out_I$$TOFS_tmp.obj</name>
      </input_file>
      <input_file id="fl-3a">
         <path>C:\ti\ccsv6\tools\compiler\ti-cgt-c2000_6.4.9\lib\</path>
         <kind>archive</kind>
         <file>rts2800_ml.lib</file>
         <name>l_div.obj</name>
      </input_file>
      <input_file id="fl-3b">
         <path>C:\ti\motorware\motorware_1_01_00_14\sw\modules\fast\lib\32b\f28x\f2802x\</path>
         <kind>archive</kind>
         <file>2802xRevB_Fast_RTS_ROMSymbols.lib</file>
         <name>REVB_2802x_boot_rom_out_U$$TOFS_tmp.obj</name>
      </input_file>
      <input_file id="fl-3c">
         <path>C:\ti\ccsv6\tools\compiler\ti-cgt-c2000_6.4.9\lib\</path>
         <kind>archive</kind>
         <file>rts2800_ml.lib</file>
         <name>ul_tofd.obj</name>
      </input_file>
      <input_file id="fl-3d">
         <path>C:\ti\motorware\motorware_1_01_00_14\sw\modules\fast\lib\32b\f28x\f2802x\</path>
         <kind>archive</kind>
         <file>2802xRevB_Fast_RTS_ROMSymbols.lib</file>
         <name>REVB_2802x_boot_rom_out_UL$$TOFS_tmp.obj</name>
      </input_file>
      <input_file id="fl-3e">
         <path>C:\ti\motorware\motorware_1_01_00_14\sw\modules\fast\lib\32b\f28x\f2802x\</path>
         <kind>archive</kind>
         <file>fast_public.lib</file>
         <name>ctrl_priv.obj</name>
      </input_file>
      <input_file id="fl-3f">
         <path>C:\ti\motorware\motorware_1_01_00_14\sw\modules\fast\lib\32b\f28x\f2802x\</path>
         <kind>archive</kind>
         <file>2802xRevB_Fast_ONLY_ROMSymbols.lib</file>
         <name>REVB_2802x_boot_rom_out__CTRL_initCtrl_tmp.obj</name>
      </input_file>
      <input_file id="fl-40">
         <path>C:\ti\motorware\motorware_1_01_00_14\sw\modules\fast\lib\32b\f28x\f2802x\</path>
         <kind>archive</kind>
         <file>2802xRevB_Fast_ONLY_ROMSymbols.lib</file>
         <name>REVB_2802x_boot_rom_out__EST_Angle_setParams_tmp.obj</name>
      </input_file>
      <input_file id="fl-41">
         <path>C:\ti\motorware\motorware_1_01_00_14\sw\modules\fast\lib\32b\f28x\f2802x\</path>
         <kind>archive</kind>
         <file>2802xRevB_Fast_ONLY_ROMSymbols.lib</file>
         <name>REVB_2802x_boot_rom_out__EST_Dir_setParams_tmp.obj</name>
      </input_file>
      <input_file id="fl-42">
         <path>C:\ti\motorware\motorware_1_01_00_14\sw\modules\fast\lib\32b\f28x\f2802x\</path>
         <kind>archive</kind>
         <file>2802xRevB_Fast_ONLY_ROMSymbols.lib</file>
         <name>REVB_2802x_boot_rom_out__EST_EPL_setParams_tmp.obj</name>
      </input_file>
      <input_file id="fl-43">
         <path>C:\ti\motorware\motorware_1_01_00_14\sw\modules\fast\lib\32b\f28x\f2802x\</path>
         <kind>archive</kind>
         <file>2802xRevB_Fast_ONLY_ROMSymbols.lib</file>
         <name>REVB_2802x_boot_rom_out__EST_Flux_ab_setParams_tmp.obj</name>
      </input_file>
      <input_file id="fl-44">
         <path>C:\ti\motorware\motorware_1_01_00_14\sw\modules\fast\lib\32b\f28x\f2802x\</path>
         <kind>archive</kind>
         <file>2802xRevB_Fast_ONLY_ROMSymbols.lib</file>
         <name>REVB_2802x_boot_rom_out__EST_Flux_computeOneOverFlux_qFmt_tmp.obj</name>
      </input_file>
      <input_file id="fl-45">
         <path>C:\ti\motorware\motorware_1_01_00_14\sw\modules\fast\lib\32b\f28x\f2802x\</path>
         <kind>archive</kind>
         <file>2802xRevB_Fast_ONLY_ROMSymbols.lib</file>
         <name>REVB_2802x_boot_rom_out__EST_Flux_dq_setParams_tmp.obj</name>
      </input_file>
      <input_file id="fl-46">
         <path>C:\ti\motorware\motorware_1_01_00_14\sw\modules\fast\lib\32b\f28x\f2802x\</path>
         <kind>archive</kind>
         <file>2802xRevB_Fast_ONLY_ROMSymbols.lib</file>
         <name>REVB_2802x_boot_rom_out__EST_Flux_getRatedFlux_pu_tmp.obj</name>
      </input_file>
      <input_file id="fl-47">
         <path>C:\ti\motorware\motorware_1_01_00_14\sw\modules\fast\lib\32b\f28x\f2802x\</path>
         <kind>archive</kind>
         <file>2802xRevB_Fast_ONLY_ROMSymbols.lib</file>
         <name>REVB_2802x_boot_rom_out__EST_Flux_setParams_tmp.obj</name>
      </input_file>
      <input_file id="fl-48">
         <path>C:\ti\motorware\motorware_1_01_00_14\sw\modules\fast\lib\32b\f28x\f2802x\</path>
         <kind>archive</kind>
         <file>2802xRevB_Fast_ONLY_ROMSymbols.lib</file>
         <name>REVB_2802x_boot_rom_out__EST_Flux_setWaitTimes_tmp.obj</name>
      </input_file>
      <input_file id="fl-49">
         <path>C:\ti\motorware\motorware_1_01_00_14\sw\modules\fast\lib\32b\f28x\f2802x\</path>
         <kind>archive</kind>
         <file>2802xRevB_Fast_ONLY_ROMSymbols.lib</file>
         <name>REVB_2802x_boot_rom_out__EST_Freq_setParams_tmp.obj</name>
      </input_file>
      <input_file id="fl-4a">
         <path>C:\ti\motorware\motorware_1_01_00_14\sw\modules\fast\lib\32b\f28x\f2802x\</path>
         <kind>archive</kind>
         <file>2802xRevB_Fast_ONLY_ROMSymbols.lib</file>
         <name>REVB_2802x_boot_rom_out__EST_I_setParams_tmp.obj</name>
      </input_file>
      <input_file id="fl-4b">
         <path>C:\ti\motorware\motorware_1_01_00_14\sw\modules\fast\lib\32b\f28x\f2802x\</path>
         <kind>archive</kind>
         <file>2802xRevB_Fast_ONLY_ROMSymbols.lib</file>
         <name>REVB_2802x_boot_rom_out__EST_Iab_setParams_tmp.obj</name>
      </input_file>
      <input_file id="fl-4c">
         <path>C:\ti\motorware\motorware_1_01_00_14\sw\modules\fast\lib\32b\f28x\f2802x\</path>
         <kind>archive</kind>
         <file>2802xRevB_Fast_ONLY_ROMSymbols.lib</file>
         <name>REVB_2802x_boot_rom_out__EST_Idq_setParams_tmp.obj</name>
      </input_file>
      <input_file id="fl-4d">
         <path>C:\ti\motorware\motorware_1_01_00_14\sw\modules\fast\lib\32b\f28x\f2802x\</path>
         <kind>archive</kind>
         <file>2802xRevB_Fast_ONLY_ROMSymbols.lib</file>
         <name>REVB_2802x_boot_rom_out__EST_Ls_getLs_d_tmp.obj</name>
      </input_file>
      <input_file id="fl-4e">
         <path>C:\ti\motorware\motorware_1_01_00_14\sw\modules\fast\lib\32b\f28x\f2802x\</path>
         <kind>archive</kind>
         <file>2802xRevB_Fast_ONLY_ROMSymbols.lib</file>
         <name>REVB_2802x_boot_rom_out__EST_Ls_setLs_d_tmp.obj</name>
      </input_file>
      <input_file id="fl-4f">
         <path>C:\ti\motorware\motorware_1_01_00_14\sw\modules\fast\lib\32b\f28x\f2802x\</path>
         <kind>archive</kind>
         <file>2802xRevB_Fast_ONLY_ROMSymbols.lib</file>
         <name>REVB_2802x_boot_rom_out__EST_Ls_setLs_q_tmp.obj</name>
      </input_file>
      <input_file id="fl-50">
         <path>C:\ti\motorware\motorware_1_01_00_14\sw\modules\fast\lib\32b\f28x\f2802x\</path>
         <kind>archive</kind>
         <file>2802xRevB_Fast_ONLY_ROMSymbols.lib</file>
         <name>REVB_2802x_boot_rom_out__EST_Ls_setParams_tmp.obj</name>
      </input_file>
      <input_file id="fl-51">
         <path>C:\ti\motorware\motorware_1_01_00_14\sw\modules\fast\lib\32b\f28x\f2802x\</path>
         <kind>archive</kind>
         <file>2802xRevB_Fast_ONLY_ROMSymbols.lib</file>
         <name>REVB_2802x_boot_rom_out__EST_Ls_setWaitTimes_tmp.obj</name>
      </input_file>
      <input_file id="fl-52">
         <path>C:\ti\motorware\motorware_1_01_00_14\sw\modules\fast\lib\32b\f28x\f2802x\</path>
         <kind>archive</kind>
         <file>2802xRevB_Fast_ONLY_ROMSymbols.lib</file>
         <name>REVB_2802x_boot_rom_out__EST_OneOverDcBus_setParams_tmp.obj</name>
      </input_file>
      <input_file id="fl-53">
         <path>C:\ti\motorware\motorware_1_01_00_14\sw\modules\fast\lib\32b\f28x\f2802x\</path>
         <kind>archive</kind>
         <file>2802xRevB_Fast_ONLY_ROMSymbols.lib</file>
         <name>REVB_2802x_boot_rom_out__EST_Rr_setParams_tmp.obj</name>
      </input_file>
      <input_file id="fl-54">
         <path>C:\ti\motorware\motorware_1_01_00_14\sw\modules\fast\lib\32b\f28x\f2802x\</path>
         <kind>archive</kind>
         <file>2802xRevB_Fast_ONLY_ROMSymbols.lib</file>
         <name>REVB_2802x_boot_rom_out__EST_Rr_setRr_tmp.obj</name>
      </input_file>
      <input_file id="fl-55">
         <path>C:\ti\motorware\motorware_1_01_00_14\sw\modules\fast\lib\32b\f28x\f2802x\</path>
         <kind>archive</kind>
         <file>2802xRevB_Fast_ONLY_ROMSymbols.lib</file>
         <name>REVB_2802x_boot_rom_out__EST_RsOnLine_setFilterParams_tmp.obj</name>
      </input_file>
      <input_file id="fl-56">
         <path>C:\ti\motorware\motorware_1_01_00_14\sw\modules\fast\lib\32b\f28x\f2802x\</path>
         <kind>archive</kind>
         <file>2802xRevB_Fast_ONLY_ROMSymbols.lib</file>
         <name>REVB_2802x_boot_rom_out__EST_RsOnLine_setParams_tmp.obj</name>
      </input_file>
      <input_file id="fl-57">
         <path>C:\ti\motorware\motorware_1_01_00_14\sw\modules\fast\lib\32b\f28x\f2802x\</path>
         <kind>archive</kind>
         <file>2802xRevB_Fast_ONLY_ROMSymbols.lib</file>
         <name>REVB_2802x_boot_rom_out__EST_Rs_getRs_tmp.obj</name>
      </input_file>
      <input_file id="fl-58">
         <path>C:\ti\motorware\motorware_1_01_00_14\sw\modules\fast\lib\32b\f28x\f2802x\</path>
         <kind>archive</kind>
         <file>2802xRevB_Fast_ONLY_ROMSymbols.lib</file>
         <name>REVB_2802x_boot_rom_out__EST_Rs_setParams_tmp.obj</name>
      </input_file>
      <input_file id="fl-59">
         <path>C:\ti\motorware\motorware_1_01_00_14\sw\modules\fast\lib\32b\f28x\f2802x\</path>
         <kind>archive</kind>
         <file>2802xRevB_Fast_ONLY_ROMSymbols.lib</file>
         <name>REVB_2802x_boot_rom_out__EST_Rs_setRs_tmp.obj</name>
      </input_file>
      <input_file id="fl-5a">
         <path>C:\ti\motorware\motorware_1_01_00_14\sw\modules\fast\lib\32b\f28x\f2802x\</path>
         <kind>archive</kind>
         <file>2802xRevB_Fast_ONLY_ROMSymbols.lib</file>
         <name>REVB_2802x_boot_rom_out__EST_Rs_setWaitTimes_tmp.obj</name>
      </input_file>
      <input_file id="fl-5b">
         <path>C:\ti\motorware\motorware_1_01_00_14\sw\modules\fast\lib\32b\f28x\f2802x\</path>
         <kind>archive</kind>
         <file>2802xRevB_Fast_ONLY_ROMSymbols.lib</file>
         <name>REVB_2802x_boot_rom_out__EST_TRAJ_setParams_tmp.obj</name>
      </input_file>
      <input_file id="fl-5c">
         <path>C:\ti\motorware\motorware_1_01_00_14\sw\modules\fast\lib\32b\f28x\f2802x\</path>
         <kind>archive</kind>
         <file>2802xRevB_Fast_ONLY_ROMSymbols.lib</file>
         <name>REVB_2802x_boot_rom_out__EST_Vab_setParams_tmp.obj</name>
      </input_file>
      <input_file id="fl-5d">
         <path>C:\ti\motorware\motorware_1_01_00_14\sw\modules\fast\lib\32b\f28x\f2802x\</path>
         <kind>archive</kind>
         <file>2802xRevB_Fast_ONLY_ROMSymbols.lib</file>
         <name>REVB_2802x_boot_rom_out__EST_Vback_ab_setParams_tmp.obj</name>
      </input_file>
      <input_file id="fl-5e">
         <path>C:\ti\motorware\motorware_1_01_00_14\sw\modules\fast\lib\32b\f28x\f2802x\</path>
         <kind>archive</kind>
         <file>2802xRevB_Fast_ONLY_ROMSymbols.lib</file>
         <name>REVB_2802x_boot_rom_out__EST_Vback_dq_setParams_tmp.obj</name>
      </input_file>
      <input_file id="fl-5f">
         <path>C:\ti\motorware\motorware_1_01_00_14\sw\modules\fast\lib\32b\f28x\f2802x\</path>
         <kind>archive</kind>
         <file>2802xRevB_Fast_ONLY_ROMSymbols.lib</file>
         <name>REVB_2802x_boot_rom_out__EST_Vdq_setParams_tmp.obj</name>
      </input_file>
      <input_file id="fl-60">
         <path>C:\ti\motorware\motorware_1_01_00_14\sw\modules\fast\lib\32b\f28x\f2802x\</path>
         <kind>archive</kind>
         <file>2802xRevB_Fast_ONLY_ROMSymbols.lib</file>
         <name>REVB_2802x_boot_rom_out__EST_computeDirection_qFmt_tmp.obj</name>
      </input_file>
      <input_file id="fl-61">
         <path>C:\ti\motorware\motorware_1_01_00_14\sw\modules\fast\lib\32b\f28x\f2802x\</path>
         <kind>archive</kind>
         <file>2802xRevB_Fast_ONLY_ROMSymbols.lib</file>
         <name>REVB_2802x_boot_rom_out__EST_computeL_tmp.obj</name>
      </input_file>
      <input_file id="fl-62">
         <path>C:\ti\motorware\motorware_1_01_00_14\sw\modules\fast\lib\32b\f28x\f2802x\</path>
         <kind>archive</kind>
         <file>2802xRevB_Fast_ONLY_ROMSymbols.lib</file>
         <name>REVB_2802x_boot_rom_out__EST_computeR_tmp.obj</name>
      </input_file>
      <input_file id="fl-63">
         <path>C:\ti\motorware\motorware_1_01_00_14\sw\modules\fast\lib\32b\f28x\f2802x\</path>
         <kind>archive</kind>
         <file>2802xRevB_Fast_ONLY_ROMSymbols.lib</file>
         <name>REVB_2802x_boot_rom_out__EST_doCurrentCtrl_tmp.obj</name>
      </input_file>
      <input_file id="fl-64">
         <path>C:\ti\motorware\motorware_1_01_00_14\sw\modules\fast\lib\32b\f28x\f2802x\</path>
         <kind>archive</kind>
         <file>2802xRevB_Fast_ONLY_ROMSymbols.lib</file>
         <name>REVB_2802x_boot_rom_out__EST_doSpeedCtrl_tmp.obj</name>
      </input_file>
      <input_file id="fl-65">
         <path>C:\ti\motorware\motorware_1_01_00_14\sw\modules\fast\lib\32b\f28x\f2802x\</path>
         <kind>archive</kind>
         <file>2802xRevB_Fast_ONLY_ROMSymbols.lib</file>
         <name>REVB_2802x_boot_rom_out__EST_getAngle_pu_tmp.obj</name>
      </input_file>
      <input_file id="fl-66">
         <path>C:\ti\motorware\motorware_1_01_00_14\sw\modules\fast\lib\32b\f28x\f2802x\</path>
         <kind>archive</kind>
         <file>2802xRevB_Fast_ONLY_ROMSymbols.lib</file>
         <name>REVB_2802x_boot_rom_out__EST_getFlux_VpHz_tmp.obj</name>
      </input_file>
      <input_file id="fl-67">
         <path>C:\ti\motorware\motorware_1_01_00_14\sw\modules\fast\lib\32b\f28x\f2802x\</path>
         <kind>archive</kind>
         <file>2802xRevB_Fast_ONLY_ROMSymbols.lib</file>
         <name>REVB_2802x_boot_rom_out__EST_getFlux_pu_tmp.obj</name>
      </input_file>
      <input_file id="fl-68">
         <path>C:\ti\motorware\motorware_1_01_00_14\sw\modules\fast\lib\32b\f28x\f2802x\</path>
         <kind>archive</kind>
         <file>2802xRevB_Fast_ONLY_ROMSymbols.lib</file>
         <name>REVB_2802x_boot_rom_out__EST_getFm_pu_tmp.obj</name>
      </input_file>
      <input_file id="fl-69">
         <path>C:\ti\motorware\motorware_1_01_00_14\sw\modules\fast\lib\32b\f28x\f2802x\</path>
         <kind>archive</kind>
         <file>2802xRevB_Fast_ONLY_ROMSymbols.lib</file>
         <name>REVB_2802x_boot_rom_out__EST_getFullScaleCurrent_tmp.obj</name>
      </input_file>
      <input_file id="fl-6a">
         <path>C:\ti\motorware\motorware_1_01_00_14\sw\modules\fast\lib\32b\f28x\f2802x\</path>
         <kind>archive</kind>
         <file>2802xRevB_Fast_ONLY_ROMSymbols.lib</file>
         <name>REVB_2802x_boot_rom_out__EST_getFullScaleFlux_tmp.obj</name>
      </input_file>
      <input_file id="fl-6b">
         <path>C:\ti\motorware\motorware_1_01_00_14\sw\modules\fast\lib\32b\f28x\f2802x\</path>
         <kind>archive</kind>
         <file>2802xRevB_Fast_ONLY_ROMSymbols.lib</file>
         <name>REVB_2802x_boot_rom_out__EST_getFullScaleFreq_tmp.obj</name>
      </input_file>
      <input_file id="fl-6c">
         <path>C:\ti\motorware\motorware_1_01_00_14\sw\modules\fast\lib\32b\f28x\f2802x\</path>
         <kind>archive</kind>
         <file>2802xRevB_Fast_ONLY_ROMSymbols.lib</file>
         <name>REVB_2802x_boot_rom_out__EST_getFullScaleInductance_tmp.obj</name>
      </input_file>
      <input_file id="fl-6d">
         <path>C:\ti\motorware\motorware_1_01_00_14\sw\modules\fast\lib\32b\f28x\f2802x\</path>
         <kind>archive</kind>
         <file>2802xRevB_Fast_ONLY_ROMSymbols.lib</file>
         <name>REVB_2802x_boot_rom_out__EST_getFullScaleVoltage_tmp.obj</name>
      </input_file>
      <input_file id="fl-6e">
         <path>C:\ti\motorware\motorware_1_01_00_14\sw\modules\fast\lib\32b\f28x\f2802x\</path>
         <kind>archive</kind>
         <file>2802xRevB_Fast_ONLY_ROMSymbols.lib</file>
         <name>REVB_2802x_boot_rom_out__EST_getIdRated_tmp.obj</name>
      </input_file>
      <input_file id="fl-6f">
         <path>C:\ti\motorware\motorware_1_01_00_14\sw\modules\fast\lib\32b\f28x\f2802x\</path>
         <kind>archive</kind>
         <file>2802xRevB_Fast_ONLY_ROMSymbols.lib</file>
         <name>REVB_2802x_boot_rom_out__EST_getLs_coarse_max_pu_tmp.obj</name>
      </input_file>
      <input_file id="fl-70">
         <path>C:\ti\motorware\motorware_1_01_00_14\sw\modules\fast\lib\32b\f28x\f2802x\</path>
         <kind>archive</kind>
         <file>2802xRevB_Fast_ONLY_ROMSymbols.lib</file>
         <name>REVB_2802x_boot_rom_out__EST_getLs_d_H_tmp.obj</name>
      </input_file>
      <input_file id="fl-71">
         <path>C:\ti\motorware\motorware_1_01_00_14\sw\modules\fast\lib\32b\f28x\f2802x\</path>
         <kind>archive</kind>
         <file>2802xRevB_Fast_ONLY_ROMSymbols.lib</file>
         <name>REVB_2802x_boot_rom_out__EST_getLs_d_pu_tmp.obj</name>
      </input_file>
      <input_file id="fl-72">
         <path>C:\ti\motorware\motorware_1_01_00_14\sw\modules\fast\lib\32b\f28x\f2802x\</path>
         <kind>archive</kind>
         <file>2802xRevB_Fast_ONLY_ROMSymbols.lib</file>
         <name>REVB_2802x_boot_rom_out__EST_getLs_q_H_tmp.obj</name>
      </input_file>
      <input_file id="fl-73">
         <path>C:\ti\motorware\motorware_1_01_00_14\sw\modules\fast\lib\32b\f28x\f2802x\</path>
         <kind>archive</kind>
         <file>2802xRevB_Fast_ONLY_ROMSymbols.lib</file>
         <name>REVB_2802x_boot_rom_out__EST_getLs_q_pu_tmp.obj</name>
      </input_file>
      <input_file id="fl-74">
         <path>C:\ti\motorware\motorware_1_01_00_14\sw\modules\fast\lib\32b\f28x\f2802x\</path>
         <kind>archive</kind>
         <file>2802xRevB_Fast_ONLY_ROMSymbols.lib</file>
         <name>REVB_2802x_boot_rom_out__EST_getMaxCurrentSlope_pu_tmp.obj</name>
      </input_file>
      <input_file id="fl-75">
         <path>C:\ti\motorware\motorware_1_01_00_14\sw\modules\fast\lib\32b\f28x\f2802x\</path>
         <kind>archive</kind>
         <file>2802xRevB_Fast_ONLY_ROMSymbols.lib</file>
         <name>REVB_2802x_boot_rom_out__EST_getOneOverDcBus_pu_tmp.obj</name>
      </input_file>
      <input_file id="fl-76">
         <path>C:\ti\motorware\motorware_1_01_00_14\sw\modules\fast\lib\32b\f28x\f2802x\</path>
         <kind>archive</kind>
         <file>2802xRevB_Fast_ONLY_ROMSymbols.lib</file>
         <name>REVB_2802x_boot_rom_out__EST_getRr_Ohm_tmp.obj</name>
      </input_file>
      <input_file id="fl-77">
         <path>C:\ti\motorware\motorware_1_01_00_14\sw\modules\fast\lib\32b\f28x\f2802x\</path>
         <kind>archive</kind>
         <file>2802xRevB_Fast_ONLY_ROMSymbols.lib</file>
         <name>REVB_2802x_boot_rom_out__EST_getRs_Ohm_tmp.obj</name>
      </input_file>
      <input_file id="fl-78">
         <path>C:\ti\motorware\motorware_1_01_00_14\sw\modules\fast\lib\32b\f28x\f2802x\</path>
         <kind>archive</kind>
         <file>2802xRevB_Fast_ONLY_ROMSymbols.lib</file>
         <name>REVB_2802x_boot_rom_out__EST_getSpeed_krpm_tmp.obj</name>
      </input_file>
      <input_file id="fl-79">
         <path>C:\ti\motorware\motorware_1_01_00_14\sw\modules\fast\lib\32b\f28x\f2802x\</path>
         <kind>archive</kind>
         <file>2802xRevB_Fast_ONLY_ROMSymbols.lib</file>
         <name>REVB_2802x_boot_rom_out__EST_getState_tmp.obj</name>
      </input_file>
      <input_file id="fl-7a">
         <path>C:\ti\motorware\motorware_1_01_00_14\sw\modules\fast\lib\32b\f28x\f2802x\</path>
         <kind>archive</kind>
         <file>2802xRevB_Fast_ONLY_ROMSymbols.lib</file>
         <name>REVB_2802x_boot_rom_out__EST_get_krpm_to_pu_sf_tmp.obj</name>
      </input_file>
      <input_file id="fl-7b">
         <path>C:\ti\motorware\motorware_1_01_00_14\sw\modules\fast\lib\32b\f28x\f2802x\</path>
         <kind>archive</kind>
         <file>2802xRevB_Fast_ONLY_ROMSymbols.lib</file>
         <name>REVB_2802x_boot_rom_out__EST_get_pu_to_krpm_sf_tmp.obj</name>
      </input_file>
      <input_file id="fl-7c">
         <path>C:\ti\motorware\motorware_1_01_00_14\sw\modules\fast\lib\32b\f28x\f2802x\</path>
         <kind>archive</kind>
         <file>2802xRevB_Fast_ONLY_ROMSymbols.lib</file>
         <name>REVB_2802x_boot_rom_out__EST_isError_tmp.obj</name>
      </input_file>
      <input_file id="fl-7d">
         <path>C:\ti\motorware\motorware_1_01_00_14\sw\modules\fast\lib\32b\f28x\f2802x\</path>
         <kind>archive</kind>
         <file>2802xRevB_Fast_ONLY_ROMSymbols.lib</file>
         <name>REVB_2802x_boot_rom_out__EST_isIdle_tmp.obj</name>
      </input_file>
      <input_file id="fl-7e">
         <path>C:\ti\motorware\motorware_1_01_00_14\sw\modules\fast\lib\32b\f28x\f2802x\</path>
         <kind>archive</kind>
         <file>2802xRevB_Fast_ONLY_ROMSymbols.lib</file>
         <name>REVB_2802x_boot_rom_out__EST_isLockRotor_tmp.obj</name>
      </input_file>
      <input_file id="fl-7f">
         <path>C:\ti\motorware\motorware_1_01_00_14\sw\modules\fast\lib\32b\f28x\f2802x\</path>
         <kind>archive</kind>
         <file>2802xRevB_Fast_ONLY_ROMSymbols.lib</file>
         <name>REVB_2802x_boot_rom_out__EST_isMotorIdentified_tmp.obj</name>
      </input_file>
      <input_file id="fl-80">
         <path>C:\ti\motorware\motorware_1_01_00_14\sw\modules\fast\lib\32b\f28x\f2802x\</path>
         <kind>archive</kind>
         <file>2802xRevB_Fast_ONLY_ROMSymbols.lib</file>
         <name>REVB_2802x_boot_rom_out__EST_isOnLine_tmp.obj</name>
      </input_file>
      <input_file id="fl-81">
         <path>C:\ti\motorware\motorware_1_01_00_14\sw\modules\fast\lib\32b\f28x\f2802x\</path>
         <kind>archive</kind>
         <file>2802xRevB_Fast_ONLY_ROMSymbols.lib</file>
         <name>REVB_2802x_boot_rom_out__EST_resetCounter_ctrl_tmp.obj</name>
      </input_file>
      <input_file id="fl-82">
         <path>C:\ti\motorware\motorware_1_01_00_14\sw\modules\fast\lib\32b\f28x\f2802x\</path>
         <kind>archive</kind>
         <file>2802xRevB_Fast_ONLY_ROMSymbols.lib</file>
         <name>REVB_2802x_boot_rom_out__EST_resetCounter_state_tmp.obj</name>
      </input_file>
      <input_file id="fl-83">
         <path>C:\ti\motorware\motorware_1_01_00_14\sw\modules\fast\lib\32b\f28x\f2802x\</path>
         <kind>archive</kind>
         <file>2802xRevB_Fast_ONLY_ROMSymbols.lib</file>
         <name>REVB_2802x_boot_rom_out__EST_run_tmp.obj</name>
      </input_file>
      <input_file id="fl-84">
         <path>C:\ti\motorware\motorware_1_01_00_14\sw\modules\fast\lib\32b\f28x\f2802x\</path>
         <kind>archive</kind>
         <file>2802xRevB_Fast_ONLY_ROMSymbols.lib</file>
         <name>REVB_2802x_boot_rom_out__EST_setFlag_enableFluxControl_tmp.obj</name>
      </input_file>
      <input_file id="fl-85">
         <path>C:\ti\motorware\motorware_1_01_00_14\sw\modules\fast\lib\32b\f28x\f2802x\</path>
         <kind>archive</kind>
         <file>2802xRevB_Fast_ONLY_ROMSymbols.lib</file>
         <name>REVB_2802x_boot_rom_out__EST_setFlag_enableForceAngle_tmp.obj</name>
      </input_file>
      <input_file id="fl-86">
         <path>C:\ti\motorware\motorware_1_01_00_14\sw\modules\fast\lib\32b\f28x\f2802x\</path>
         <kind>archive</kind>
         <file>2802xRevB_Fast_ONLY_ROMSymbols.lib</file>
         <name>REVB_2802x_boot_rom_out__EST_setFlag_enableRsOnLine_tmp.obj</name>
      </input_file>
      <input_file id="fl-87">
         <path>C:\ti\motorware\motorware_1_01_00_14\sw\modules\fast\lib\32b\f28x\f2802x\</path>
         <kind>archive</kind>
         <file>2802xRevB_Fast_ONLY_ROMSymbols.lib</file>
         <name>REVB_2802x_boot_rom_out__EST_setFlag_enableRsRecalc_tmp.obj</name>
      </input_file>
      <input_file id="fl-88">
         <path>C:\ti\motorware\motorware_1_01_00_14\sw\modules\fast\lib\32b\f28x\f2802x\</path>
         <kind>archive</kind>
         <file>2802xRevB_Fast_ONLY_ROMSymbols.lib</file>
         <name>REVB_2802x_boot_rom_out__EST_setFlag_estComplete_tmp.obj</name>
      </input_file>
      <input_file id="fl-89">
         <path>C:\ti\motorware\motorware_1_01_00_14\sw\modules\fast\lib\32b\f28x\f2802x\</path>
         <kind>archive</kind>
         <file>2802xRevB_Fast_ONLY_ROMSymbols.lib</file>
         <name>REVB_2802x_boot_rom_out__EST_setFlag_updateRs_tmp.obj</name>
      </input_file>
      <input_file id="fl-8a">
         <path>C:\ti\motorware\motorware_1_01_00_14\sw\modules\fast\lib\32b\f28x\f2802x\</path>
         <kind>archive</kind>
         <file>2802xRevB_Fast_ONLY_ROMSymbols.lib</file>
         <name>REVB_2802x_boot_rom_out__EST_setFullScaleCurrent_tmp.obj</name>
      </input_file>
      <input_file id="fl-8b">
         <path>C:\ti\motorware\motorware_1_01_00_14\sw\modules\fast\lib\32b\f28x\f2802x\</path>
         <kind>archive</kind>
         <file>2802xRevB_Fast_ONLY_ROMSymbols.lib</file>
         <name>REVB_2802x_boot_rom_out__EST_setFullScaleFreq_tmp.obj</name>
      </input_file>
      <input_file id="fl-8c">
         <path>C:\ti\motorware\motorware_1_01_00_14\sw\modules\fast\lib\32b\f28x\f2802x\</path>
         <kind>archive</kind>
         <file>2802xRevB_Fast_ONLY_ROMSymbols.lib</file>
         <name>REVB_2802x_boot_rom_out__EST_setFullScaleResistance_tmp.obj</name>
      </input_file>
      <input_file id="fl-8d">
         <path>C:\ti\motorware\motorware_1_01_00_14\sw\modules\fast\lib\32b\f28x\f2802x\</path>
         <kind>archive</kind>
         <file>2802xRevB_Fast_ONLY_ROMSymbols.lib</file>
         <name>REVB_2802x_boot_rom_out__EST_setFullScaleVoltage_tmp.obj</name>
      </input_file>
      <input_file id="fl-8e">
         <path>C:\ti\motorware\motorware_1_01_00_14\sw\modules\fast\lib\32b\f28x\f2802x\</path>
         <kind>archive</kind>
         <file>2802xRevB_Fast_ONLY_ROMSymbols.lib</file>
         <name>REVB_2802x_boot_rom_out__EST_setIdRated_pu_tmp.obj</name>
      </input_file>
      <input_file id="fl-8f">
         <path>C:\ti\motorware\motorware_1_01_00_14\sw\modules\fast\lib\32b\f28x\f2802x\</path>
         <kind>archive</kind>
         <file>2802xRevB_Fast_ONLY_ROMSymbols.lib</file>
         <name>REVB_2802x_boot_rom_out__EST_setId_ref_pu_tmp.obj</name>
      </input_file>
      <input_file id="fl-90">
         <path>C:\ti\motorware\motorware_1_01_00_14\sw\modules\fast\lib\32b\f28x\f2802x\</path>
         <kind>archive</kind>
         <file>2802xRevB_Fast_ONLY_ROMSymbols.lib</file>
         <name>REVB_2802x_boot_rom_out__EST_setIdle_tmp.obj</name>
      </input_file>
      <input_file id="fl-91">
         <path>C:\ti\motorware\motorware_1_01_00_14\sw\modules\fast\lib\32b\f28x\f2802x\</path>
         <kind>archive</kind>
         <file>2802xRevB_Fast_ONLY_ROMSymbols.lib</file>
         <name>REVB_2802x_boot_rom_out__EST_setIdle_all_tmp.obj</name>
      </input_file>
      <input_file id="fl-92">
         <path>C:\ti\motorware\motorware_1_01_00_14\sw\modules\fast\lib\32b\f28x\f2802x\</path>
         <kind>archive</kind>
         <file>2802xRevB_Fast_ONLY_ROMSymbols.lib</file>
         <name>REVB_2802x_boot_rom_out__EST_setIq_ref_pu_tmp.obj</name>
      </input_file>
      <input_file id="fl-93">
         <path>C:\ti\motorware\motorware_1_01_00_14\sw\modules\fast\lib\32b\f28x\f2802x\</path>
         <kind>archive</kind>
         <file>2802xRevB_Fast_ONLY_ROMSymbols.lib</file>
         <name>REVB_2802x_boot_rom_out__EST_setLs_d_pu_tmp.obj</name>
      </input_file>
      <input_file id="fl-94">
         <path>C:\ti\motorware\motorware_1_01_00_14\sw\modules\fast\lib\32b\f28x\f2802x\</path>
         <kind>archive</kind>
         <file>2802xRevB_Fast_ONLY_ROMSymbols.lib</file>
         <name>REVB_2802x_boot_rom_out__EST_setLs_qFmt_tmp.obj</name>
      </input_file>
      <input_file id="fl-95">
         <path>C:\ti\motorware\motorware_1_01_00_14\sw\modules\fast\lib\32b\f28x\f2802x\</path>
         <kind>archive</kind>
         <file>2802xRevB_Fast_ONLY_ROMSymbols.lib</file>
         <name>REVB_2802x_boot_rom_out__EST_setLs_q_pu_tmp.obj</name>
      </input_file>
      <input_file id="fl-96">
         <path>C:\ti\motorware\motorware_1_01_00_14\sw\modules\fast\lib\32b\f28x\f2802x\</path>
         <kind>archive</kind>
         <file>2802xRevB_Fast_ONLY_ROMSymbols.lib</file>
         <name>REVB_2802x_boot_rom_out__EST_setMaxCurrentSlope_pu_tmp.obj</name>
      </input_file>
      <input_file id="fl-97">
         <path>C:\ti\motorware\motorware_1_01_00_14\sw\modules\fast\lib\32b\f28x\f2802x\</path>
         <kind>archive</kind>
         <file>2802xRevB_Fast_ONLY_ROMSymbols.lib</file>
         <name>REVB_2802x_boot_rom_out__EST_setMotorParams_tmp.obj</name>
      </input_file>
      <input_file id="fl-98">
         <path>C:\ti\motorware\motorware_1_01_00_14\sw\modules\fast\lib\32b\f28x\f2802x\</path>
         <kind>archive</kind>
         <file>2802xRevB_Fast_ONLY_ROMSymbols.lib</file>
         <name>REVB_2802x_boot_rom_out__EST_setRs_pu_tmp.obj</name>
      </input_file>
      <input_file id="fl-99">
         <path>C:\ti\motorware\motorware_1_01_00_14\sw\modules\fast\lib\32b\f28x\f2802x\</path>
         <kind>archive</kind>
         <file>2802xRevB_Fast_ONLY_ROMSymbols.lib</file>
         <name>REVB_2802x_boot_rom_out__EST_setWaitTimes_tmp.obj</name>
      </input_file>
      <input_file id="fl-9a">
         <path>C:\ti\motorware\motorware_1_01_00_14\sw\modules\fast\lib\32b\f28x\f2802x\</path>
         <kind>archive</kind>
         <file>2802xRevB_Fast_ONLY_ROMSymbols.lib</file>
         <name>REVB_2802x_boot_rom_out__EST_updateId_ref_pu_tmp.obj</name>
      </input_file>
      <input_file id="fl-9b">
         <path>C:\ti\motorware\motorware_1_01_00_14\sw\modules\fast\lib\32b\f28x\f2802x\</path>
         <kind>archive</kind>
         <file>2802xRevB_Fast_ONLY_ROMSymbols.lib</file>
         <name>REVB_2802x_boot_rom_out__EST_updateState_tmp.obj</name>
      </input_file>
      <input_file id="fl-9c">
         <path>C:\ti\motorware\motorware_1_01_00_14\sw\modules\fast\lib\32b\f28x\f2802x\</path>
         <kind>archive</kind>
         <file>2802xRevB_Fast_ONLY_ROMSymbols.lib</file>
         <name>REVB_2802x_boot_rom_out__EST_useZeroIq_ref_tmp.obj</name>
      </input_file>
      <input_file id="fl-9d">
         <path>C:\ti\motorware\motorware_1_01_00_14\sw\modules\fast\lib\32b\f28x\f2802x\</path>
         <kind>archive</kind>
         <file>2802xRevB_Fast_IQ_ROMSymbols.lib</file>
         <name>REVB_2802x_boot_rom_out___IQ24cosPU_tmp.obj</name>
      </input_file>
      <input_file id="fl-9e">
         <path>C:\ti\motorware\motorware_1_01_00_14\sw\modules\fast\lib\32b\f28x\f2802x\</path>
         <kind>archive</kind>
         <file>2802xRevB_Fast_IQ_ROMSymbols.lib</file>
         <name>REVB_2802x_boot_rom_out___IQ24rmpy_tmp.obj</name>
      </input_file>
      <input_file id="fl-9f">
         <path>C:\ti\motorware\motorware_1_01_00_14\sw\modules\fast\lib\32b\f28x\f2802x\</path>
         <kind>archive</kind>
         <file>2802xRevB_Fast_IQ_ROMSymbols.lib</file>
         <name>REVB_2802x_boot_rom_out___IQ24sinPU_tmp.obj</name>
      </input_file>
      <input_file id="fl-a0">
         <path>C:\ti\motorware\motorware_1_01_00_14\sw\modules\fast\lib\32b\f28x\f2802x\</path>
         <kind>archive</kind>
         <file>2802xRevB_Fast_IQ_ROMSymbols.lib</file>
         <name>REVB_2802x_boot_rom_out___IQ24sqrt_tmp.obj</name>
      </input_file>
      <input_file id="fl-a1">
         <path>C:\ti\motorware\motorware_1_01_00_14\sw\modules\fast\lib\32b\f28x\f2802x\</path>
         <kind>archive</kind>
         <file>2802xRevB_Fast_IQ_ROMSymbols.lib</file>
         <name>REVB_2802x_boot_rom_out___IQ29rsmpy_tmp.obj</name>
      </input_file>
      <input_file id="fl-a2">
         <path>C:\ti\motorware\motorware_1_01_00_14\sw\modules\fast\lib\32b\f28x\f2802x\</path>
         <kind>archive</kind>
         <file>2802xRevB_Fast_IQ_ROMSymbols.lib</file>
         <name>REVB_2802x_boot_rom_out___IQ30rsmpy_tmp.obj</name>
      </input_file>
      <input_file id="fl-a3">
         <path>C:\ti\motorware\motorware_1_01_00_14\sw\modules\fast\lib\32b\f28x\f2802x\</path>
         <kind>archive</kind>
         <file>2802xRevB_Fast_IQ_ROMSymbols.lib</file>
         <name>REVB_2802x_boot_rom_out___IQ30toF_tmp.obj</name>
      </input_file>
      <input_file id="fl-a4">
         <path>C:\ti\ccsv6\tools\compiler\ti-cgt-c2000_6.4.9\lib\</path>
         <kind>archive</kind>
         <file>rts2800_ml.lib</file>
         <name>boot.obj</name>
      </input_file>
      <input_file id="fl-a5">
         <path>C:\ti\ccsv6\tools\compiler\ti-cgt-c2000_6.4.9\lib\</path>
         <kind>archive</kind>
         <file>rts2800_ml.lib</file>
         <name>args_main.obj</name>
      </input_file>
      <input_file id="fl-a6">
         <path>C:\ti\ccsv6\tools\compiler\ti-cgt-c2000_6.4.9\lib\</path>
         <kind>archive</kind>
         <file>rts2800_ml.lib</file>
         <name>exit.obj</name>
      </input_file>
      <input_file id="fl-a7">
         <path>C:\ti\ccsv6\tools\compiler\ti-cgt-c2000_6.4.9\lib\</path>
         <kind>archive</kind>
         <file>rts2800_ml.lib</file>
         <name>_lock.obj</name>
      </input_file>
      <input_file id="fl-a8">
         <path>C:\ti\motorware\motorware_1_01_00_14\sw\modules\fast\lib\32b\f28x\f2802x\</path>
         <kind>archive</kind>
         <file>2802xRevB_Fast_RTS_ROMSymbols.lib</file>
         <name>REVB_2802x_boot_rom_out__log_tmp.obj</name>
      </input_file>
      <input_file id="fl-a9">
         <path>C:\ti\motorware\motorware_1_01_00_14\sw\modules\fast\lib\32b\f28x\f2802x\</path>
         <kind>archive</kind>
         <file>2802xRevB_Fast_RTS_ROMSymbols.lib</file>
         <name>REVB_2802x_boot_rom_out__modf_tmp.obj</name>
      </input_file>
      <input_file id="fl-aa">
         <path>C:\ti\motorware\motorware_1_01_00_14\sw\modules\fast\lib\32b\f28x\f2802x\</path>
         <kind>archive</kind>
         <file>2802xRevB_Fast_RTS_ROMSymbols.lib</file>
         <name>REVB_2802x_boot_rom_out__pow_tmp.obj</name>
      </input_file>
   </input_file_list>
   <object_component_list>
      <object_component id="oc-8b">
         <name>.cinit</name>
         <load_address>0x3f7de0</load_address>
         <run_address>0x3f7de0</run_address>
         <size>0xc9</size>
         <input_file_ref idref="fl-1e"/>
      </object_component>
      <object_component id="oc-ed">
         <name>.cinit</name>
         <load_address>0x3f7ea9</load_address>
         <run_address>0x3f7ea9</run_address>
         <size>0xa</size>
         <input_file_ref idref="fl-a6"/>
      </object_component>
      <object_component id="oc-101">
         <name>.cinit:__lock</name>
         <load_address>0x3f7eb3</load_address>
         <run_address>0x3f7eb3</run_address>
         <size>0x5</size>
         <input_file_ref idref="fl-a7"/>
      </object_component>
      <object_component id="oc-116">
         <name>.cinit:__unlock</name>
         <load_address>0x3f7eb8</load_address>
         <run_address>0x3f7eb8</run_address>
         <size>0x5</size>
         <input_file_ref idref="fl-a7"/>
      </object_component>
      <object_component id="oc-3b">
         <name>.cinit</name>
         <load_address>0x3f7ebd</load_address>
         <run_address>0x3f7ebd</run_address>
         <size>0x4</size>
         <input_file_ref idref="fl-f"/>
      </object_component>
      <object_component id="oc-db">
         <name>.text</name>
         <load_address>0x3f4000</load_address>
         <run_address>0x3f4000</run_address>
         <size>0xed8</size>
         <input_file_ref idref="fl-3e"/>
      </object_component>
      <object_component id="oc-fd">
         <name>.text</name>
         <load_address>0x3f4ed8</load_address>
         <run_address>0x3f4ed8</run_address>
         <size>0x91a</size>
         <input_file_ref idref="fl-14"/>
      </object_component>
      <object_component id="oc-ff">
         <name>.text</name>
         <load_address>0x3f57f2</load_address>
         <run_address>0x3f57f2</run_address>
         <size>0x526</size>
         <input_file_ref idref="fl-1e"/>
      </object_component>
      <object_component id="oc-112">
         <name>.text</name>
         <load_address>0x3f5d18</load_address>
         <run_address>0x3f5d18</run_address>
         <size>0x498</size>
         <input_file_ref idref="fl-27"/>
      </object_component>
      <object_component id="oc-fe">
         <name>.text</name>
         <load_address>0x3f61b0</load_address>
         <run_address>0x3f61b0</run_address>
         <size>0x460</size>
         <input_file_ref idref="fl-e"/>
      </object_component>
      <object_component id="oc-105">
         <name>.text</name>
         <load_address>0x3f6610</load_address>
         <run_address>0x3f6610</run_address>
         <size>0x2f7</size>
         <input_file_ref idref="fl-1f"/>
      </object_component>
      <object_component id="oc-102">
         <name>.text</name>
         <load_address>0x3f6907</load_address>
         <run_address>0x3f6907</run_address>
         <size>0x2d4</size>
         <input_file_ref idref="fl-f"/>
      </object_component>
      <object_component id="oc-109">
         <name>.text</name>
         <load_address>0x3f6bdb</load_address>
         <run_address>0x3f6bdb</run_address>
         <size>0x1f7</size>
         <input_file_ref idref="fl-9"/>
      </object_component>
      <object_component id="oc-fa">
         <name>.text</name>
         <load_address>0x3f6dd2</load_address>
         <run_address>0x3f6dd2</run_address>
         <size>0x166</size>
         <input_file_ref idref="fl-13"/>
      </object_component>
      <object_component id="oc-106">
         <name>.text</name>
         <load_address>0x3f6f38</load_address>
         <run_address>0x3f6f38</run_address>
         <size>0x12c</size>
         <input_file_ref idref="fl-c"/>
      </object_component>
      <object_component id="oc-fc">
         <name>.text</name>
         <load_address>0x3f7064</load_address>
         <run_address>0x3f7064</run_address>
         <size>0x10c</size>
         <input_file_ref idref="fl-15"/>
      </object_component>
      <object_component id="oc-108">
         <name>.text</name>
         <load_address>0x3f7170</load_address>
         <run_address>0x3f7170</run_address>
         <size>0x102</size>
         <input_file_ref idref="fl-1c"/>
      </object_component>
      <object_component id="oc-8e">
         <name>.text:retain</name>
         <load_address>0x3f7272</load_address>
         <run_address>0x3f7272</run_address>
         <size>0xbf</size>
         <input_file_ref idref="fl-1e"/>
      </object_component>
      <object_component id="oc-104">
         <name>.text</name>
         <load_address>0x3f7331</load_address>
         <run_address>0x3f7331</run_address>
         <size>0xaa</size>
         <input_file_ref idref="fl-21"/>
      </object_component>
      <object_component id="oc-110">
         <name>.text</name>
         <load_address>0x3f73db</load_address>
         <run_address>0x3f73db</run_address>
         <size>0x63</size>
         <input_file_ref idref="fl-a"/>
      </object_component>
      <object_component id="oc-107">
         <name>.text</name>
         <load_address>0x3f743e</load_address>
         <run_address>0x3f743e</run_address>
         <size>0x5c</size>
         <input_file_ref idref="fl-1d"/>
      </object_component>
      <object_component id="oc-10b">
         <name>.text</name>
         <load_address>0x3f749a</load_address>
         <run_address>0x3f749a</run_address>
         <size>0x48</size>
         <input_file_ref idref="fl-18"/>
      </object_component>
      <object_component id="oc-10e">
         <name>.text</name>
         <load_address>0x3f74e2</load_address>
         <run_address>0x3f74e2</run_address>
         <size>0x47</size>
         <input_file_ref idref="fl-28"/>
      </object_component>
      <object_component id="oc-111">
         <name>.text</name>
         <load_address>0x3f7529</load_address>
         <run_address>0x3f7529</run_address>
         <size>0x45</size>
         <input_file_ref idref="fl-20"/>
      </object_component>
      <object_component id="oc-13">
         <name>.text</name>
         <load_address>0x3f756e</load_address>
         <run_address>0x3f756e</run_address>
         <size>0x44</size>
         <input_file_ref idref="fl-a4"/>
      </object_component>
      <object_component id="oc-103">
         <name>.text</name>
         <load_address>0x3f75b2</load_address>
         <run_address>0x3f75b2</run_address>
         <size>0x33</size>
         <input_file_ref idref="fl-24"/>
      </object_component>
      <object_component id="oc-10a">
         <name>.text</name>
         <load_address>0x3f75e5</load_address>
         <run_address>0x3f75e5</run_address>
         <size>0x2e</size>
         <input_file_ref idref="fl-19"/>
      </object_component>
      <object_component id="oc-d1">
         <name>.text</name>
         <load_address>0x3f7613</load_address>
         <run_address>0x3f7613</run_address>
         <size>0x2a</size>
         <input_file_ref idref="fl-3a"/>
      </object_component>
      <object_component id="oc-10c">
         <name>.text</name>
         <load_address>0x3f763d</load_address>
         <run_address>0x3f763d</run_address>
         <size>0x25</size>
         <input_file_ref idref="fl-d"/>
      </object_component>
      <object_component id="oc-117">
         <name>.text</name>
         <load_address>0x3f7662</load_address>
         <run_address>0x3f7662</run_address>
         <size>0x22</size>
         <input_file_ref idref="fl-10"/>
      </object_component>
      <object_component id="oc-10f">
         <name>.text</name>
         <load_address>0x3f7684</load_address>
         <run_address>0x3f7684</run_address>
         <size>0x21</size>
         <input_file_ref idref="fl-11"/>
      </object_component>
      <object_component id="oc-c7">
         <name>.text</name>
         <load_address>0x3f76a5</load_address>
         <run_address>0x3f76a5</run_address>
         <size>0x21</size>
         <input_file_ref idref="fl-2d"/>
      </object_component>
      <object_component id="oc-cc">
         <name>.text</name>
         <load_address>0x3f76c6</load_address>
         <run_address>0x3f76c6</run_address>
         <size>0x1d</size>
         <input_file_ref idref="fl-38"/>
      </object_component>
      <object_component id="oc-f8">
         <name>.text</name>
         <load_address>0x3f76e3</load_address>
         <run_address>0x3f76e3</run_address>
         <size>0x19</size>
         <input_file_ref idref="fl-a5"/>
      </object_component>
      <object_component id="oc-f9">
         <name>.text</name>
         <load_address>0x3f76fc</load_address>
         <run_address>0x3f76fc</run_address>
         <size>0x19</size>
         <input_file_ref idref="fl-a6"/>
      </object_component>
      <object_component id="oc-d6">
         <name>.text</name>
         <load_address>0x3f7715</load_address>
         <run_address>0x3f7715</run_address>
         <size>0x16</size>
         <input_file_ref idref="fl-3c"/>
      </object_component>
      <object_component id="oc-113">
         <name>.text</name>
         <load_address>0x3f772b</load_address>
         <run_address>0x3f772b</run_address>
         <size>0x11</size>
         <input_file_ref idref="fl-17"/>
      </object_component>
      <object_component id="oc-115">
         <name>.text</name>
         <load_address>0x3f773c</load_address>
         <run_address>0x3f773c</run_address>
         <size>0x9</size>
         <input_file_ref idref="fl-a7"/>
      </object_component>
      <object_component id="oc-14">
         <name>.text</name>
         <load_address>0x3f7745</load_address>
         <run_address>0x3f7745</run_address>
         <size>0x8</size>
         <input_file_ref idref="fl-8"/>
      </object_component>
      <object_component id="oc-114">
         <name>.text</name>
         <load_address>0x3f774d</load_address>
         <run_address>0x3f774d</run_address>
         <size>0x7</size>
         <input_file_ref idref="fl-12"/>
      </object_component>
      <object_component id="oc-80">
         <name>.text:retain</name>
         <load_address>0x3f7754</load_address>
         <run_address>0x3f7754</run_address>
         <size>0x5</size>
         <input_file_ref idref="fl-1c"/>
      </object_component>
      <object_component id="oc-15">
         <name>codestart</name>
         <load_address>0x3f7ff6</load_address>
         <run_address>0x3f7ff6</run_address>
         <size>0x2</size>
         <input_file_ref idref="fl-8"/>
      </object_component>
      <object_component id="oc-fb">
         <name>ramfuncs</name>
         <load_address>0x3f7759</load_address>
         <run_address>0x8000</run_address>
         <size>0x51a</size>
         <input_file_ref idref="fl-e"/>
      </object_component>
      <object_component id="oc-8d">
         <name>ramfuncs:retain</name>
         <load_address>0x3f7c73</load_address>
         <run_address>0x851a</run_address>
         <size>0x119</size>
         <input_file_ref idref="fl-1e"/>
      </object_component>
      <object_component id="oc-118">
         <name>ramfuncs</name>
         <load_address>0x3f7d8c</load_address>
         <run_address>0x8633</run_address>
         <size>0x32</size>
         <input_file_ref idref="fl-11"/>
      </object_component>
      <object_component id="oc-10d">
         <name>ramfuncs</name>
         <load_address>0x3f7dbe</load_address>
         <run_address>0x8665</run_address>
         <size>0x1e</size>
         <input_file_ref idref="fl-14"/>
      </object_component>
      <object_component id="oc-b7">
         <name>ramfuncs</name>
         <load_address>0x3f7ddc</load_address>
         <run_address>0x8683</run_address>
         <size>0x4</size>
         <input_file_ref idref="fl-26"/>
      </object_component>
      <object_component id="oc-e1">
         <name>.stack</name>
         <uninitialized>true</uninitialized>
         <run_address>0x406</run_address>
         <size>0x0</size>
         <input_file_ref idref="fl-a4"/>
      </object_component>
      <object_component id="oc-135">
         <name>.stack</name>
         <uninitialized>true</uninitialized>
         <run_address>0x406</run_address>
         <size>0x0</size>
      </object_component>
      <object_component id="oc-2f">
         <name>.ebss</name>
         <uninitialized>true</uninitialized>
         <run_address>0x312</run_address>
         <size>0x1</size>
         <input_file_ref idref="fl-d"/>
      </object_component>
      <object_component id="oc-3c">
         <name>.ebss</name>
         <uninitialized>true</uninitialized>
         <run_address>0x310</run_address>
         <size>0x2</size>
         <input_file_ref idref="fl-f"/>
      </object_component>
      <object_component id="oc-56">
         <name>.ebss</name>
         <uninitialized>true</uninitialized>
         <run_address>0x340</run_address>
         <size>0xc6</size>
         <input_file_ref idref="fl-14"/>
      </object_component>
      <object_component id="oc-8c">
         <name>.ebss</name>
         <uninitialized>true</uninitialized>
         <run_address>0x0</run_address>
         <size>0x308</size>
         <input_file_ref idref="fl-1e"/>
      </object_component>
      <object_component id="oc-ee">
         <name>.ebss</name>
         <uninitialized>true</uninitialized>
         <run_address>0x308</run_address>
         <size>0x4</size>
         <input_file_ref idref="fl-a6"/>
      </object_component>
      <object_component id="oc-119">
         <name>.ebss:__unlock</name>
         <uninitialized>true</uninitialized>
         <run_address>0x30e</run_address>
         <size>0x2</size>
         <input_file_ref idref="fl-a7"/>
      </object_component>
      <object_component id="oc-100">
         <name>.ebss:__lock</name>
         <uninitialized>true</uninitialized>
         <run_address>0x30c</run_address>
         <size>0x2</size>
         <input_file_ref idref="fl-a7"/>
      </object_component>
      <object_component id="oc-dd">
         <name>.econst</name>
         <load_address>0x3f7ec4</load_address>
         <run_address>0x3f7ec4</run_address>
         <size>0x5c</size>
         <input_file_ref idref="fl-3e"/>
      </object_component>
      <object_component id="oc-35">
         <name>.econst</name>
         <load_address>0x3f7f20</load_address>
         <run_address>0x3f7f20</run_address>
         <size>0x1c</size>
         <input_file_ref idref="fl-e"/>
      </object_component>
      <object_component id="oc-bd">
         <name>.econst</name>
         <load_address>0x3f7f3c</load_address>
         <run_address>0x3f7f3c</run_address>
         <size>0x8</size>
         <input_file_ref idref="fl-27"/>
      </object_component>
      <object_component id="oc-57">
         <name>.econst</name>
         <load_address>0x3f7f44</load_address>
         <run_address>0x3f7f44</run_address>
         <size>0x4</size>
         <input_file_ref idref="fl-14"/>
      </object_component>
      <object_component id="oc-8f">
         <name>.econst</name>
         <load_address>0x3f7f48</load_address>
         <run_address>0x3f7f48</run_address>
         <size>0x4</size>
         <input_file_ref idref="fl-1e"/>
      </object_component>
      <object_component id="oc-e2">
         <name>.reset</name>
         <load_address>0x3fffc0</load_address>
         <run_address>0x3fffc0</run_address>
         <size>0x2</size>
         <input_file_ref idref="fl-a4"/>
      </object_component>
      <object_component id="oc-16">
         <name>.debug_info</name>
         <load_address>0x0</load_address>
         <run_address>0x0</run_address>
         <size>0x1d9</size>
         <input_file_ref idref="fl-8"/>
      </object_component>
      <object_component id="oc-1a">
         <name>.debug_info</name>
         <load_address>0x1d9</load_address>
         <run_address>0x1d9</run_address>
         <size>0x424d</size>
         <input_file_ref idref="fl-9"/>
      </object_component>
      <object_component id="oc-1f">
         <name>.debug_info</name>
         <load_address>0x4426</load_address>
         <run_address>0x4426</run_address>
         <size>0x19dc</size>
         <input_file_ref idref="fl-a"/>
      </object_component>
      <object_component id="oc-24">
         <name>.debug_info</name>
         <load_address>0x5e02</load_address>
         <run_address>0x5e02</run_address>
         <size>0x3a8</size>
         <input_file_ref idref="fl-b"/>
      </object_component>
      <object_component id="oc-29">
         <name>.debug_info</name>
         <load_address>0x61aa</load_address>
         <run_address>0x61aa</run_address>
         <size>0x3bbf</size>
         <input_file_ref idref="fl-c"/>
      </object_component>
      <object_component id="oc-2e">
         <name>.debug_info</name>
         <load_address>0x9d69</load_address>
         <run_address>0x9d69</run_address>
         <size>0xffe</size>
         <input_file_ref idref="fl-d"/>
      </object_component>
      <object_component id="oc-34">
         <name>.debug_info</name>
         <load_address>0xad67</load_address>
         <run_address>0xad67</run_address>
         <size>0x9a89</size>
         <input_file_ref idref="fl-e"/>
      </object_component>
      <object_component id="oc-3a">
         <name>.debug_info</name>
         <load_address>0x147f0</load_address>
         <run_address>0x147f0</run_address>
         <size>0x4baf</size>
         <input_file_ref idref="fl-f"/>
      </object_component>
      <object_component id="oc-41">
         <name>.debug_info</name>
         <load_address>0x1939f</load_address>
         <run_address>0x1939f</run_address>
         <size>0xc7f</size>
         <input_file_ref idref="fl-10"/>
      </object_component>
      <object_component id="oc-46">
         <name>.debug_info</name>
         <load_address>0x1a01e</load_address>
         <run_address>0x1a01e</run_address>
         <size>0x1fed</size>
         <input_file_ref idref="fl-11"/>
      </object_component>
      <object_component id="oc-4b">
         <name>.debug_info</name>
         <load_address>0x1c00b</load_address>
         <run_address>0x1c00b</run_address>
         <size>0x574</size>
         <input_file_ref idref="fl-12"/>
      </object_component>
      <object_component id="oc-50">
         <name>.debug_info</name>
         <load_address>0x1c57f</load_address>
         <run_address>0x1c57f</run_address>
         <size>0x2961</size>
         <input_file_ref idref="fl-13"/>
      </object_component>
      <object_component id="oc-55">
         <name>.debug_info</name>
         <load_address>0x1eee0</load_address>
         <run_address>0x1eee0</run_address>
         <size>0x10be6</size>
         <input_file_ref idref="fl-14"/>
      </object_component>
      <object_component id="oc-5c">
         <name>.debug_info</name>
         <load_address>0x2fac6</load_address>
         <run_address>0x2fac6</run_address>
         <size>0x543d</size>
         <input_file_ref idref="fl-15"/>
      </object_component>
      <object_component id="oc-61">
         <name>.debug_info</name>
         <load_address>0x34f03</load_address>
         <run_address>0x34f03</run_address>
         <size>0x357</size>
         <input_file_ref idref="fl-16"/>
      </object_component>
      <object_component id="oc-66">
         <name>.debug_info</name>
         <load_address>0x3525a</load_address>
         <run_address>0x3525a</run_address>
         <size>0x45f</size>
         <input_file_ref idref="fl-17"/>
      </object_component>
      <object_component id="oc-6b">
         <name>.debug_info</name>
         <load_address>0x356b9</load_address>
         <run_address>0x356b9</run_address>
         <size>0xc2e</size>
         <input_file_ref idref="fl-18"/>
      </object_component>
      <object_component id="oc-70">
         <name>.debug_info</name>
         <load_address>0x362e7</load_address>
         <run_address>0x362e7</run_address>
         <size>0x9ae</size>
         <input_file_ref idref="fl-19"/>
      </object_component>
      <object_component id="oc-75">
         <name>.debug_info</name>
         <load_address>0x36c95</load_address>
         <run_address>0x36c95</run_address>
         <size>0x353</size>
         <input_file_ref idref="fl-1a"/>
      </object_component>
      <object_component id="oc-7a">
         <name>.debug_info</name>
         <load_address>0x36fe8</load_address>
         <run_address>0x36fe8</run_address>
         <size>0x3e7</size>
         <input_file_ref idref="fl-1b"/>
      </object_component>
      <object_component id="oc-7f">
         <name>.debug_info</name>
         <load_address>0x373cf</load_address>
         <run_address>0x373cf</run_address>
         <size>0x3fc4</size>
         <input_file_ref idref="fl-1c"/>
      </object_component>
      <object_component id="oc-85">
         <name>.debug_info</name>
         <load_address>0x3b393</load_address>
         <run_address>0x3b393</run_address>
         <size>0x196f</size>
         <input_file_ref idref="fl-1d"/>
      </object_component>
      <object_component id="oc-8a">
         <name>.debug_info</name>
         <load_address>0x3cd02</load_address>
         <run_address>0x3cd02</run_address>
         <size>0xac61</size>
         <input_file_ref idref="fl-1e"/>
      </object_component>
      <object_component id="oc-94">
         <name>.debug_info</name>
         <load_address>0x47963</load_address>
         <run_address>0x47963</run_address>
         <size>0xae38</size>
         <input_file_ref idref="fl-1f"/>
      </object_component>
      <object_component id="oc-99">
         <name>.debug_info</name>
         <load_address>0x5279b</load_address>
         <run_address>0x5279b</run_address>
         <size>0x131b</size>
         <input_file_ref idref="fl-20"/>
      </object_component>
      <object_component id="oc-9e">
         <name>.debug_info</name>
         <load_address>0x53ab6</load_address>
         <run_address>0x53ab6</run_address>
         <size>0x39f0</size>
         <input_file_ref idref="fl-21"/>
      </object_component>
      <object_component id="oc-a3">
         <name>.debug_info</name>
         <load_address>0x574a6</load_address>
         <run_address>0x574a6</run_address>
         <size>0x351</size>
         <input_file_ref idref="fl-22"/>
      </object_component>
      <object_component id="oc-a8">
         <name>.debug_info</name>
         <load_address>0x577f7</load_address>
         <run_address>0x577f7</run_address>
         <size>0x425</size>
         <input_file_ref idref="fl-23"/>
      </object_component>
      <object_component id="oc-ad">
         <name>.debug_info</name>
         <load_address>0x57c1c</load_address>
         <run_address>0x57c1c</run_address>
         <size>0xea9</size>
         <input_file_ref idref="fl-24"/>
      </object_component>
      <object_component id="oc-b2">
         <name>.debug_info</name>
         <load_address>0x58ac5</load_address>
         <run_address>0x58ac5</run_address>
         <size>0x3b9</size>
         <input_file_ref idref="fl-25"/>
      </object_component>
      <object_component id="oc-b8">
         <name>.debug_info</name>
         <load_address>0x58e7e</load_address>
         <run_address>0x58e7e</run_address>
         <size>0x15f</size>
         <input_file_ref idref="fl-26"/>
      </object_component>
      <object_component id="oc-bc">
         <name>.debug_info</name>
         <load_address>0x58fdd</load_address>
         <run_address>0x58fdd</run_address>
         <size>0x4a3f</size>
         <input_file_ref idref="fl-27"/>
      </object_component>
      <object_component id="oc-c2">
         <name>.debug_info</name>
         <load_address>0x5da1c</load_address>
         <run_address>0x5da1c</run_address>
         <size>0x125b</size>
         <input_file_ref idref="fl-28"/>
      </object_component>
      <object_component id="oc-c8">
         <name>.debug_info</name>
         <load_address>0x5ec77</load_address>
         <run_address>0x5ec77</run_address>
         <size>0x10d</size>
         <input_file_ref idref="fl-2d"/>
      </object_component>
      <object_component id="oc-cd">
         <name>.debug_info</name>
         <load_address>0x5ed84</load_address>
         <run_address>0x5ed84</run_address>
         <size>0x116</size>
         <input_file_ref idref="fl-38"/>
      </object_component>
      <object_component id="oc-d2">
         <name>.debug_info</name>
         <load_address>0x5ee9a</load_address>
         <run_address>0x5ee9a</run_address>
         <size>0x19b</size>
         <input_file_ref idref="fl-3a"/>
      </object_component>
      <object_component id="oc-d7">
         <name>.debug_info</name>
         <load_address>0x5f035</load_address>
         <run_address>0x5f035</run_address>
         <size>0x10d</size>
         <input_file_ref idref="fl-3c"/>
      </object_component>
      <object_component id="oc-dc">
         <name>.debug_info</name>
         <load_address>0x5f142</load_address>
         <run_address>0x5f142</run_address>
         <size>0x113c4</size>
         <input_file_ref idref="fl-3e"/>
      </object_component>
      <object_component id="oc-e3">
         <name>.debug_info</name>
         <load_address>0x70506</load_address>
         <run_address>0x70506</run_address>
         <size>0x128</size>
         <input_file_ref idref="fl-a4"/>
      </object_component>
      <object_component id="oc-e7">
         <name>.debug_info</name>
         <load_address>0x7062e</load_address>
         <run_address>0x7062e</run_address>
         <size>0x416</size>
         <input_file_ref idref="fl-a5"/>
      </object_component>
      <object_component id="oc-ec">
         <name>.debug_info</name>
         <load_address>0x70a44</load_address>
         <run_address>0x70a44</run_address>
         <size>0x41f</size>
         <input_file_ref idref="fl-a6"/>
      </object_component>
      <object_component id="oc-f3">
         <name>.debug_info</name>
         <load_address>0x70e63</load_address>
         <run_address>0x70e63</run_address>
         <size>0x449</size>
         <input_file_ref idref="fl-a7"/>
      </object_component>
      <object_component id="oc-136">
         <name>.debug_info</name>
         <load_address>0x712ac</load_address>
         <run_address>0x712ac</run_address>
         <size>0xa6</size>
      </object_component>
      <object_component id="oc-17">
         <name>.debug_line</name>
         <load_address>0x0</load_address>
         <run_address>0x0</run_address>
         <size>0xa0</size>
         <input_file_ref idref="fl-8"/>
      </object_component>
      <object_component id="oc-1c">
         <name>.debug_line</name>
         <load_address>0xa0</load_address>
         <run_address>0xa0</run_address>
         <size>0x36f</size>
         <input_file_ref idref="fl-9"/>
      </object_component>
      <object_component id="oc-21">
         <name>.debug_line</name>
         <load_address>0x40f</load_address>
         <run_address>0x40f</run_address>
         <size>0x1e7</size>
         <input_file_ref idref="fl-a"/>
      </object_component>
      <object_component id="oc-26">
         <name>.debug_line</name>
         <load_address>0x5f6</load_address>
         <run_address>0x5f6</run_address>
         <size>0x68</size>
         <input_file_ref idref="fl-b"/>
      </object_component>
      <object_component id="oc-2b">
         <name>.debug_line</name>
         <load_address>0x65e</load_address>
         <run_address>0x65e</run_address>
         <size>0x452</size>
         <input_file_ref idref="fl-c"/>
      </object_component>
      <object_component id="oc-31">
         <name>.debug_line</name>
         <load_address>0xab0</load_address>
         <run_address>0xab0</run_address>
         <size>0x14d</size>
         <input_file_ref idref="fl-d"/>
      </object_component>
      <object_component id="oc-37">
         <name>.debug_line</name>
         <load_address>0xbfd</load_address>
         <run_address>0xbfd</run_address>
         <size>0x13bb</size>
         <input_file_ref idref="fl-e"/>
      </object_component>
      <object_component id="oc-3e">
         <name>.debug_line</name>
         <load_address>0x1fb8</load_address>
         <run_address>0x1fb8</run_address>
         <size>0x58e</size>
         <input_file_ref idref="fl-f"/>
      </object_component>
      <object_component id="oc-43">
         <name>.debug_line</name>
         <load_address>0x2546</load_address>
         <run_address>0x2546</run_address>
         <size>0x10b</size>
         <input_file_ref idref="fl-10"/>
      </object_component>
      <object_component id="oc-48">
         <name>.debug_line</name>
         <load_address>0x2651</load_address>
         <run_address>0x2651</run_address>
         <size>0x1d5</size>
         <input_file_ref idref="fl-11"/>
      </object_component>
      <object_component id="oc-4d">
         <name>.debug_line</name>
         <load_address>0x2826</load_address>
         <run_address>0x2826</run_address>
         <size>0x75</size>
         <input_file_ref idref="fl-12"/>
      </object_component>
      <object_component id="oc-52">
         <name>.debug_line</name>
         <load_address>0x289b</load_address>
         <run_address>0x289b</run_address>
         <size>0x272</size>
         <input_file_ref idref="fl-13"/>
      </object_component>
      <object_component id="oc-59">
         <name>.debug_line</name>
         <load_address>0x2b0d</load_address>
         <run_address>0x2b0d</run_address>
         <size>0xcc7</size>
         <input_file_ref idref="fl-14"/>
      </object_component>
      <object_component id="oc-5e">
         <name>.debug_line</name>
         <load_address>0x37d4</load_address>
         <run_address>0x37d4</run_address>
         <size>0x677</size>
         <input_file_ref idref="fl-15"/>
      </object_component>
      <object_component id="oc-63">
         <name>.debug_line</name>
         <load_address>0x3e4b</load_address>
         <run_address>0x3e4b</run_address>
         <size>0x66</size>
         <input_file_ref idref="fl-16"/>
      </object_component>
      <object_component id="oc-68">
         <name>.debug_line</name>
         <load_address>0x3eb1</load_address>
         <run_address>0x3eb1</run_address>
         <size>0x87</size>
         <input_file_ref idref="fl-17"/>
      </object_component>
      <object_component id="oc-6d">
         <name>.debug_line</name>
         <load_address>0x3f38</load_address>
         <run_address>0x3f38</run_address>
         <size>0xf1</size>
         <input_file_ref idref="fl-18"/>
      </object_component>
      <object_component id="oc-72">
         <name>.debug_line</name>
         <load_address>0x4029</load_address>
         <run_address>0x4029</run_address>
         <size>0xd5</size>
         <input_file_ref idref="fl-19"/>
      </object_component>
      <object_component id="oc-77">
         <name>.debug_line</name>
         <load_address>0x40fe</load_address>
         <run_address>0x40fe</run_address>
         <size>0x64</size>
         <input_file_ref idref="fl-1a"/>
      </object_component>
      <object_component id="oc-7c">
         <name>.debug_line</name>
         <load_address>0x4162</load_address>
         <run_address>0x4162</run_address>
         <size>0xa7</size>
         <input_file_ref idref="fl-1b"/>
      </object_component>
      <object_component id="oc-82">
         <name>.debug_line</name>
         <load_address>0x4209</load_address>
         <run_address>0x4209</run_address>
         <size>0x30f</size>
         <input_file_ref idref="fl-1c"/>
      </object_component>
      <object_component id="oc-87">
         <name>.debug_line</name>
         <load_address>0x4518</load_address>
         <run_address>0x4518</run_address>
         <size>0x1e4</size>
         <input_file_ref idref="fl-1d"/>
      </object_component>
      <object_component id="oc-91">
         <name>.debug_line</name>
         <load_address>0x46fc</load_address>
         <run_address>0x46fc</run_address>
         <size>0xcc5</size>
         <input_file_ref idref="fl-1e"/>
      </object_component>
      <object_component id="oc-96">
         <name>.debug_line</name>
         <load_address>0x53c1</load_address>
         <run_address>0x53c1</run_address>
         <size>0xa34</size>
         <input_file_ref idref="fl-1f"/>
      </object_component>
      <object_component id="oc-9b">
         <name>.debug_line</name>
         <load_address>0x5df5</load_address>
         <run_address>0x5df5</run_address>
         <size>0x10d</size>
         <input_file_ref idref="fl-20"/>
      </object_component>
      <object_component id="oc-a0">
         <name>.debug_line</name>
         <load_address>0x5f02</load_address>
         <run_address>0x5f02</run_address>
         <size>0x411</size>
         <input_file_ref idref="fl-21"/>
      </object_component>
      <object_component id="oc-a5">
         <name>.debug_line</name>
         <load_address>0x6313</load_address>
         <run_address>0x6313</run_address>
         <size>0x66</size>
         <input_file_ref idref="fl-22"/>
      </object_component>
      <object_component id="oc-aa">
         <name>.debug_line</name>
         <load_address>0x6379</load_address>
         <run_address>0x6379</run_address>
         <size>0x6e</size>
         <input_file_ref idref="fl-23"/>
      </object_component>
      <object_component id="oc-af">
         <name>.debug_line</name>
         <load_address>0x63e7</load_address>
         <run_address>0x63e7</run_address>
         <size>0x122</size>
         <input_file_ref idref="fl-24"/>
      </object_component>
      <object_component id="oc-b4">
         <name>.debug_line</name>
         <load_address>0x6509</load_address>
         <run_address>0x6509</run_address>
         <size>0x64</size>
         <input_file_ref idref="fl-25"/>
      </object_component>
      <object_component id="oc-b9">
         <name>.debug_line</name>
         <load_address>0x656d</load_address>
         <run_address>0x656d</run_address>
         <size>0x81</size>
         <input_file_ref idref="fl-26"/>
      </object_component>
      <object_component id="oc-bf">
         <name>.debug_line</name>
         <load_address>0x65ee</load_address>
         <run_address>0x65ee</run_address>
         <size>0x4ec</size>
         <input_file_ref idref="fl-27"/>
      </object_component>
      <object_component id="oc-c4">
         <name>.debug_line</name>
         <load_address>0x6ada</load_address>
         <run_address>0x6ada</run_address>
         <size>0x16c</size>
         <input_file_ref idref="fl-28"/>
      </object_component>
      <object_component id="oc-c9">
         <name>.debug_line</name>
         <load_address>0x6c46</load_address>
         <run_address>0x6c46</run_address>
         <size>0x5a</size>
         <input_file_ref idref="fl-2d"/>
      </object_component>
      <object_component id="oc-ce">
         <name>.debug_line</name>
         <load_address>0x6ca0</load_address>
         <run_address>0x6ca0</run_address>
         <size>0x56</size>
         <input_file_ref idref="fl-38"/>
      </object_component>
      <object_component id="oc-d3">
         <name>.debug_line</name>
         <load_address>0x6cf6</load_address>
         <run_address>0x6cf6</run_address>
         <size>0x8e</size>
         <input_file_ref idref="fl-3a"/>
      </object_component>
      <object_component id="oc-d8">
         <name>.debug_line</name>
         <load_address>0x6d84</load_address>
         <run_address>0x6d84</run_address>
         <size>0x52</size>
         <input_file_ref idref="fl-3c"/>
      </object_component>
      <object_component id="oc-df">
         <name>.debug_line</name>
         <load_address>0x6dd6</load_address>
         <run_address>0x6dd6</run_address>
         <size>0xd7f</size>
         <input_file_ref idref="fl-3e"/>
      </object_component>
      <object_component id="oc-e4">
         <name>.debug_line</name>
[...]
         <object_component_ref idref="oc-112"/>
      </symbol>
      <symbol id="sm-551">
         <name>_WDOG_disableInt</name>
         <value>0x3f7513</value>
         <object_component_ref idref="oc-10e"/>
      </symbol>
      <symbol id="sm-552">
         <name>_WDOG_setPreScaler</name>
         <value>0x3f74e2</value>
         <object_component_ref idref="oc-10e"/>
      </symbol>
      <symbol id="sm-553">
         <name>_WDOG_enableInt</name>
         <value>0x3f74fe</value>
         <object_component_ref idref="oc-10e"/>
      </symbol>
      <symbol id="sm-554">
         <name>_WDOG_enable</name>
         <value>0x3f7504</value>
         <object_component_ref idref="oc-10e"/>
      </symbol>
      <symbol id="sm-555">
         <name>_WDOG_setCount</name>
         <value>0x3f74ec</value>
         <object_component_ref idref="oc-10e"/>
      </symbol>
      <symbol id="sm-556">
         <name>_WDOG_init</name>
         <value>0x3f74ee</value>
         <object_component_ref idref="oc-10e"/>
      </symbol>
      <symbol id="sm-557">
         <name>_WDOG_getIntStatus</name>
         <value>0x3f74f5</value>
         <object_component_ref idref="oc-10e"/>
      </symbol>
      <symbol id="sm-558">
         <name>_WDOG_disable</name>
         <value>0x3f7519</value>
         <object_component_ref idref="oc-10e"/>
      </symbol>
      <symbol id="sm-559">
         <name>_WDOG_enableOverRide</name>
         <value>0x3f74f8</value>
         <object_component_ref idref="oc-10e"/>
      </symbol>
      <symbol id="sm-55a">
         <name>_WDOG_disableOverRide</name>
         <value>0x3f750d</value>
         <object_component_ref idref="oc-10e"/>
      </symbol>
      <symbol id="sm-55b">
         <name>_WDOG_clearCounter</name>
         <value>0x3f7521</value>
         <object_component_ref idref="oc-10e"/>
      </symbol>
      <symbol id="sm-55f">
         <name>FD$$MPY</name>
         <value>0x3fdc5e</value>
      </symbol>
      <symbol id="sm-56f">
         <name>FD$$TOFS</name>
         <value>0x3f76a5</value>
         <object_component_ref idref="oc-c7"/>
      </symbol>
      <symbol id="sm-571">
         <name>FD$$TOL</name>
         <value>0x3fdf7b</value>
      </symbol>
      <symbol id="sm-573">
         <name>FS$$ADD</name>
         <value>0x3fdeb8</value>
      </symbol>
      <symbol id="sm-575">
         <name>FS$$CMP</name>
         <value>0x3fdf2b</value>
      </symbol>
      <symbol id="sm-577">
         <name>FS$$DIV</name>
         <value>0x3fdce1</value>
      </symbol>
      <symbol id="sm-579">
         <name>FS$$MPY</name>
         <value>0x3fdde7</value>
      </symbol>
      <symbol id="sm-57b">
         <name>FS$$NEG</name>
         <value>0x3fff4d</value>
      </symbol>
      <symbol id="sm-57d">
         <name>FS$$SUB</name>
         <value>0x3fdeb3</value>
      </symbol>
      <symbol id="sm-57f">
         <name>FS$$TOFD</name>
         <value>0x3fdfb7</value>
      </symbol>
      <symbol id="sm-581">
         <name>FS$$TOI</name>
         <value>0x3fff0e</value>
      </symbol>
      <symbol id="sm-583">
         <name>FS$$TOL</name>
         <value>0x3ffee5</value>
      </symbol>
      <symbol id="sm-594">
         <name>FS$$TOU</name>
         <value>0x3f76c6</value>
         <object_component_ref idref="oc-cc"/>
      </symbol>
      <symbol id="sm-596">
         <name>I$$TOFS</name>
         <value>0x3fff33</value>
      </symbol>
      <symbol id="sm-5a2">
         <name>UL$$MOD</name>
         <value>0x3f7637</value>
         <object_component_ref idref="oc-d1"/>
      </symbol>
      <symbol id="sm-5a3">
         <name>L$$MOD</name>
         <value>0x3f7622</value>
         <object_component_ref idref="oc-d1"/>
      </symbol>
      <symbol id="sm-5a4">
         <name>L$$DIV</name>
         <value>0x3f7613</value>
         <object_component_ref idref="oc-d1"/>
      </symbol>
      <symbol id="sm-5a5">
         <name>UL$$DIV</name>
         <value>0x3f7630</value>
         <object_component_ref idref="oc-d1"/>
      </symbol>
      <symbol id="sm-5a7">
         <name>U$$TOFS</name>
         <value>0x3ff8bd</value>
      </symbol>
      <symbol id="sm-5b8">
         <name>UL$$TOFD</name>
         <value>0x3f7715</value>
         <object_component_ref idref="oc-d6"/>
      </symbol>
      <symbol id="sm-5ba">
         <name>UL$$TOFS</name>
         <value>0x3ff8aa</value>
      </symbol>
      <symbol id="sm-609">
         <name>_CTRL_setEstParams</name>
         <value>0x3f4673</value>
         <object_component_ref idref="oc-db"/>
      </symbol>
      <symbol id="sm-60a">
         <name>_CTRL_getVersion</name>
         <value>0x3f4ece</value>
         <object_component_ref idref="oc-db"/>
      </symbol>
      <symbol id="sm-60b">
         <name>_CTRL_setUserMotorParams</name>
         <value>0x3f4540</value>
         <object_component_ref idref="oc-db"/>
      </symbol>
      <symbol id="sm-60c">
         <name>_CTRL_runTraj</name>
         <value>0x3f4ddd</value>
         <object_component_ref idref="oc-db"/>
      </symbol>
      <symbol id="sm-60d">
         <name>_CTRL_setupEstIdleState</name>
         <value>0x3f41ab</value>
         <object_component_ref idref="oc-db"/>
      </symbol>
      <symbol id="sm-60e">
         <name>_CTRL_setupTraj</name>
         <value>0x3f4000</value>
         <object_component_ref idref="oc-db"/>
      </symbol>
      <symbol id="sm-60f">
         <name>_CTRL_setupCtrl</name>
         <value>0x3f4349</value>
         <object_component_ref idref="oc-db"/>
      </symbol>
      <symbol id="sm-610">
         <name>_CTRL_setupEstOnLineState</name>
         <value>0x3f4170</value>
         <object_component_ref idref="oc-db"/>
      </symbol>
      <symbol id="sm-612">
         <name>_CTRL_initCtrl</name>
         <value>0x3fd88b</value>
      </symbol>
      <symbol id="sm-614">
         <name>_EST_Angle_setParams</name>
         <value>0x3fd9e5</value>
      </symbol>
      <symbol id="sm-616">
         <name>_EST_Dir_setParams</name>
         <value>0x3fd922</value>
      </symbol>
      <symbol id="sm-618">
         <name>_EST_EPL_setParams</name>
         <value>0x3fd1e8</value>
      </symbol>
      <symbol id="sm-61a">
         <name>_EST_Flux_ab_setParams</name>
         <value>0x3fd9b0</value>
      </symbol>
      <symbol id="sm-61c">
         <name>_EST_Flux_computeOneOverFlux_qFmt</name>
         <value>0x3fd514</value>
      </symbol>
      <symbol id="sm-61e">
         <name>_EST_Flux_dq_setParams</name>
         <value>0x3fda3b</value>
      </symbol>
      <symbol id="sm-620">
         <name>_EST_Flux_getRatedFlux_pu</name>
         <value>0x3fd49c</value>
      </symbol>
      <symbol id="sm-622">
         <name>_EST_Flux_setParams</name>
         <value>0x3fd42e</value>
      </symbol>
      <symbol id="sm-624">
         <name>_EST_Flux_setWaitTimes</name>
         <value>0x3fd41e</value>
      </symbol>
      <symbol id="sm-626">
         <name>_EST_Freq_setParams</name>
         <value>0x3fd95c</value>
      </symbol>
      <symbol id="sm-628">
         <name>_EST_I_setParams</name>
         <value>0x3fd1be</value>
      </symbol>
      <symbol id="sm-62a">
         <name>_EST_Iab_setParams</name>
         <value>0x3fd9cc</value>
      </symbol>
      <symbol id="sm-62c">
         <name>_EST_Idq_setParams</name>
         <value>0x3fda1e</value>
      </symbol>
      <symbol id="sm-62e">
         <name>_EST_Ls_getLs_d</name>
         <value>0x3fd3a8</value>
      </symbol>
      <symbol id="sm-630">
         <name>_EST_Ls_setLs_d</name>
         <value>0x3fd2b6</value>
      </symbol>
      <symbol id="sm-632">
         <name>_EST_Ls_setLs_q</name>
         <value>0x3fd284</value>
      </symbol>
      <symbol id="sm-634">
         <name>_EST_Ls_setParams</name>
         <value>0x3fd247</value>
      </symbol>
      <symbol id="sm-636">
         <name>_EST_Ls_setWaitTimes</name>
         <value>0x3fd237</value>
      </symbol>
      <symbol id="sm-638">
         <name>_EST_OneOverDcBus_setParams</name>
         <value>0x3fda0d</value>
      </symbol>
      <symbol id="sm-63a">
         <name>_EST_Rr_setParams</name>
         <value>0x3fd7e9</value>
      </symbol>
      <symbol id="sm-63c">
         <name>_EST_Rr_setRr</name>
         <value>0x3fd788</value>
      </symbol>
      <symbol id="sm-63e">
         <name>_EST_RsOnLine_setFilterParams</name>
         <value>0x3fd57d</value>
      </symbol>
      <symbol id="sm-640">
         <name>_EST_RsOnLine_setParams</name>
         <value>0x3fd54d</value>
      </symbol>
      <symbol id="sm-642">
         <name>_EST_Rs_getRs</name>
         <value>0x3fd767</value>
      </symbol>
      <symbol id="sm-644">
         <name>_EST_Rs_setParams</name>
         <value>0x3fd725</value>
      </symbol>
      <symbol id="sm-646">
         <name>_EST_Rs_setRs</name>
         <value>0x3fd6c3</value>
      </symbol>
      <symbol id="sm-648">
         <name>_EST_Rs_setWaitTimes</name>
         <value>0x3fd6b3</value>
      </symbol>
      <symbol id="sm-64a">
         <name>_EST_TRAJ_setParams</name>
         <value>0x3fd1af</value>
      </symbol>
      <symbol id="sm-64c">
         <name>_EST_Vab_setParams</name>
         <value>0x3fda53</value>
      </symbol>
      <symbol id="sm-64e">
         <name>_EST_Vback_ab_setParams</name>
         <value>0x3fda47</value>
      </symbol>
      <symbol id="sm-650">
         <name>_EST_Vback_dq_setParams</name>
         <value>0x3fda5e</value>
      </symbol>
      <symbol id="sm-652">
         <name>_EST_Vdq_setParams</name>
         <value>0x3fd9fb</value>
      </symbol>
      <symbol id="sm-654">
         <name>_EST_computeDirection_qFmt</name>
         <value>0x3fc092</value>
      </symbol>
      <symbol id="sm-656">
         <name>_EST_computeL</name>
         <value>0x3fd16d</value>
      </symbol>
      <symbol id="sm-658">
         <name>_EST_computeR</name>
         <value>0x3fd14d</value>
      </symbol>
      <symbol id="sm-65a">
         <name>_EST_doCurrentCtrl</name>
         <value>0x3fd145</value>
      </symbol>
      <symbol id="sm-65c">
         <name>_EST_doSpeedCtrl</name>
         <value>0x3fd13d</value>
      </symbol>
      <symbol id="sm-65e">
         <name>_EST_getAngle_pu</name>
         <value>0x3fc5f2</value>
      </symbol>
      <symbol id="sm-660">
         <name>_EST_getFlux_VpHz</name>
         <value>0x3fd0a3</value>
      </symbol>
      <symbol id="sm-662">
         <name>_EST_getFlux_pu</name>
         <value>0x3fd090</value>
      </symbol>
      <symbol id="sm-664">
         <name>_EST_getFm_pu</name>
         <value>0x3fd073</value>
      </symbol>
      <symbol id="sm-666">
         <name>_EST_getFullScaleCurrent</name>
         <value>0x3fc062</value>
      </symbol>
      <symbol id="sm-668">
         <name>_EST_getFullScaleFlux</name>
         <value>0x3fd043</value>
      </symbol>
      <symbol id="sm-66a">
         <name>_EST_getFullScaleFreq</name>
         <value>0x3fcc5c</value>
      </symbol>
      <symbol id="sm-66c">
         <name>_EST_getFullScaleInductance</name>
         <value>0x3fc4d1</value>
      </symbol>
      <symbol id="sm-66e">
         <name>_EST_getFullScaleVoltage</name>
         <value>0x3fc08e</value>
      </symbol>
      <symbol id="sm-670">
         <name>_EST_getIdRated</name>
         <value>0x3fd017</value>
      </symbol>
      <symbol id="sm-672">
         <name>_EST_getLs_coarse_max_pu</name>
         <value>0x3fcfe4</value>
      </symbol>
      <symbol id="sm-674">
         <name>_EST_getLs_d_H</name>
         <value>0x3fcfda</value>
      </symbol>
      <symbol id="sm-676">
         <name>_EST_getLs_d_pu</name>
         <value>0x3fcfd5</value>
      </symbol>
      <symbol id="sm-678">
         <name>_EST_getLs_q_H</name>
         <value>0x3fcfb3</value>
      </symbol>
      <symbol id="sm-67a">
         <name>_EST_getLs_q_pu</name>
         <value>0x3fcfae</value>
      </symbol>
      <symbol id="sm-67c">
         <name>_EST_getMaxCurrentSlope_pu</name>
         <value>0x3fcfa2</value>
      </symbol>
      <symbol id="sm-67e">
         <name>_EST_getOneOverDcBus_pu</name>
         <value>0x3fcf98</value>
      </symbol>
      <symbol id="sm-680">
         <name>_EST_getRr_Ohm</name>
         <value>0x3fcf92</value>
      </symbol>
      <symbol id="sm-682">
         <name>_EST_getRs_Ohm</name>
         <value>0x3fcef8</value>
      </symbol>
      <symbol id="sm-684">
         <name>_EST_getSpeed_krpm</name>
         <value>0x3fceab</value>
      </symbol>
      <symbol id="sm-686">
         <name>_EST_getState</name>
         <value>0x3fc000</value>
      </symbol>
      <symbol id="sm-688">
         <name>_EST_get_krpm_to_pu_sf</name>
         <value>0x3fce3d</value>
      </symbol>
      <symbol id="sm-68a">
         <name>_EST_get_pu_to_krpm_sf</name>
         <value>0x3fce38</value>
      </symbol>
      <symbol id="sm-68c">
         <name>_EST_isError</name>
         <value>0x3fcd72</value>
      </symbol>
      <symbol id="sm-68e">
         <name>_EST_isIdle</name>
         <value>0x3fcd6b</value>
      </symbol>
      <symbol id="sm-690">
         <name>_EST_isLockRotor</name>
         <value>0x3fcd64</value>
      </symbol>
      <symbol id="sm-692">
         <name>_EST_isMotorIdentified</name>
         <value>0x3fc05e</value>
      </symbol>
      <symbol id="sm-694">
         <name>_EST_isOnLine</name>
         <value>0x3fcd5d</value>
      </symbol>
      <symbol id="sm-696">
         <name>_EST_resetCounter_ctrl</name>
         <value>0x3fc5ed</value>
      </symbol>
      <symbol id="sm-698">
         <name>_EST_resetCounter_state</name>
         <value>0x3fc05a</value>
      </symbol>
      <symbol id="sm-69a">
         <name>_EST_run</name>
         <value>0x3fcc60</value>
      </symbol>
      <symbol id="sm-69c">
         <name>_EST_setFlag_enableFluxControl</name>
         <value>0x3fc5c5</value>
      </symbol>
      <symbol id="sm-69e">
         <name>_EST_setFlag_enableForceAngle</name>
         <value>0x3fc5c0</value>
      </symbol>
      <symbol id="sm-6a0">
         <name>_EST_setFlag_enableRsOnLine</name>
         <value>0x3fc5bc</value>
      </symbol>
      <symbol id="sm-6a2">
         <name>_EST_setFlag_enableRsRecalc</name>
         <value>0x3fc5b8</value>
      </symbol>
      <symbol id="sm-6a4">
         <name>_EST_setFlag_estComplete</name>
         <value>0x3fc5b4</value>
      </symbol>
      <symbol id="sm-6a6">
         <name>_EST_setFlag_updateRs</name>
         <value>0x3fc5b0</value>
      </symbol>
      <symbol id="sm-6a8">
         <name>_EST_setFullScaleCurrent</name>
         <value>0x3fc594</value>
      </symbol>
      <symbol id="sm-6aa">
         <name>_EST_setFullScaleFreq</name>
         <value>0x3fc58b</value>
      </symbol>
      <symbol id="sm-6ac">
         <name>_EST_setFullScaleResistance</name>
         <value>0x3fc573</value>
      </symbol>
      <symbol id="sm-6ae">
         <name>_EST_setFullScaleVoltage</name>
         <value>0x3fc56f</value>
      </symbol>
      <symbol id="sm-6b0">
         <name>_EST_setIdRated_pu</name>
         <value>0x3fc569</value>
      </symbol>
      <symbol id="sm-6b2">
         <name>_EST_setId_ref_pu</name>
         <value>0x3fc565</value>
      </symbol>
      <symbol id="sm-6b4">
         <name>_EST_setIdle</name>
         <value>0x3fc55f</value>
      </symbol>
      <symbol id="sm-6b6">
         <name>_EST_setIdle_all</name>
         <value>0x3fc54c</value>
      </symbol>
      <symbol id="sm-6b8">
         <name>_EST_setIq_ref_pu</name>
         <value>0x3fc548</value>
      </symbol>
      <symbol id="sm-6ba">
         <name>_EST_setLs_d_pu</name>
         <value>0x3fc52a</value>
      </symbol>
      <symbol id="sm-6bc">
         <name>_EST_setLs_qFmt</name>
         <value>0x3fc4d6</value>
      </symbol>
      <symbol id="sm-6be">
         <name>_EST_setLs_q_pu</name>
         <value>0x3fc4cc</value>
      </symbol>
      <symbol id="sm-6c0">
         <name>_EST_setMaxCurrentSlope_pu</name>
         <value>0x3fc4c0</value>
      </symbol>
      <symbol id="sm-6c2">
         <name>_EST_setMotorParams</name>
         <value>0x3fc4bb</value>
      </symbol>
      <symbol id="sm-6c4">
         <name>_EST_setRs_pu</name>
         <value>0x3fc3fd</value>
      </symbol>
      <symbol id="sm-6c6">
         <name>_EST_setWaitTimes</name>
         <value>0x3fc3e2</value>
      </symbol>
      <symbol id="sm-6c8">
         <name>_EST_updateId_ref_pu</name>
         <value>0x3fc3da</value>
      </symbol>
      <symbol id="sm-6ca">
         <name>_EST_updateState</name>
         <value>0x3fc0f8</value>
      </symbol>
      <symbol id="sm-6cc">
         <name>_EST_useZeroIq_ref</name>
         <value>0x3fc002</value>
      </symbol>
      <symbol id="sm-6ce">
         <name>__IQ24cosPU</name>
         <value>0x3ff854</value>
      </symbol>
      <symbol id="sm-6d0">
         <name>__IQ24rmpy</name>
         <value>0x3fff8f</value>
      </symbol>
      <symbol id="sm-6d2">
         <name>__IQ24sinPU</name>
         <value>0x3ff82b</value>
      </symbol>
      <symbol id="sm-6d4">
         <name>__IQ24sqrt</name>
         <value>0x3ff2aa</value>
      </symbol>
      <symbol id="sm-6d6">
         <name>__IQ29rsmpy</name>
         <value>0x3ff87b</value>
      </symbol>
      <symbol id="sm-6d8">
         <name>__IQ30rsmpy</name>
         <value>0x3fff52</value>
      </symbol>
      <symbol id="sm-6da">
         <name>__IQ30toF</name>
         <value>0x3fff7b</value>
      </symbol>
      <symbol id="sm-6f3">
         <name>_c_int00</name>
         <value>0x3f756e</value>
         <object_component_ref idref="oc-13"/>
      </symbol>
      <symbol id="sm-6f4">
         <name>__stack</name>
         <value>0x406</value>
         <object_component_ref idref="oc-e1"/>
      </symbol>
      <symbol id="sm-704">
         <name>__args_main</name>
         <value>0x3f76e3</value>
         <object_component_ref idref="oc-f8"/>
      </symbol>
      <symbol id="sm-718">
         <name>C$$EXIT</name>
         <value>0x3f76fc</value>
         <object_component_ref idref="oc-f9"/>
      </symbol>
      <symbol id="sm-719">
         <name>_exit</name>
         <value>0x3f76fe</value>
         <object_component_ref idref="oc-f9"/>
      </symbol>
      <symbol id="sm-71a">
         <name>___TI_cleanup_ptr</name>
         <value>0x308</value>
         <object_component_ref idref="oc-ee"/>
      </symbol>
      <symbol id="sm-71b">
         <name>_abort</name>
         <value>0x3f76fc</value>
         <object_component_ref idref="oc-f9"/>
      </symbol>
      <symbol id="sm-71c">
         <name>___TI_dtors_ptr</name>
         <value>0x30a</value>
         <object_component_ref idref="oc-ee"/>
      </symbol>
      <symbol id="sm-731">
         <name>__unlock</name>
         <value>0x30e</value>
         <object_component_ref idref="oc-119"/>
      </symbol>
      <symbol id="sm-732">
         <name>__lock</name>
         <value>0x30c</value>
         <object_component_ref idref="oc-100"/>
      </symbol>
      <symbol id="sm-733">
         <name>__register_lock</name>
         <value>0x3f7740</value>
         <object_component_ref idref="oc-115"/>
      </symbol>
      <symbol id="sm-734">
         <name>__nop</name>
         <value>0x3f7744</value>
         <object_component_ref idref="oc-115"/>
      </symbol>
      <symbol id="sm-735">
         <name>__register_unlock</name>
         <value>0x3f773c</value>
         <object_component_ref idref="oc-115"/>
      </symbol>
      <symbol id="sm-737">
         <name>_log</name>
         <value>0x3fda88</value>
      </symbol>
      <symbol id="sm-739">
         <name>_modf</name>
         <value>0x3fde82</value>
      </symbol>
      <symbol id="sm-73b">
         <name>_pow</name>
         <value>0x3fdd64</value>
      </symbol>
   </symbol_table>
   <title>Link successful</title>
</link_info>
